Archive member included to satisfy reference by file (symbol)

/usr/share/gcc-arm-none-eabi-10.3-2021.10/bin/../lib/gcc/arm-none-eabi/10.3.1/../../../../arm-none-eabi/lib/thumb/v7e-m/nofp/libg.a(lib_a-errno.o)
                              lib_build/syscalls.o (__errno)
/usr/share/gcc-arm-none-eabi-10.3-2021.10/bin/../lib/gcc/arm-none-eabi/10.3.1/../../../../arm-none-eabi/lib/thumb/v7e-m/nofp/libg.a(lib_a-impure.o)
                              /usr/share/gcc-arm-none-eabi-10.3-2021.10/bin/../lib/gcc/arm-none-eabi/10.3.1/../../../../arm-none-eabi/lib/thumb/v7e-m/nofp/libg.a(lib_a-errno.o) (_impure_ptr)
/usr/share/gcc-arm-none-eabi-10.3-2021.10/bin/../lib/gcc/arm-none-eabi/10.3.1/../../../../arm-none-eabi/lib/thumb/v7e-m/nofp/libg.a(lib_a-init.o)
                              lib_build/startup_XMC4500.o (__libc_init_array)
/usr/share/gcc-arm-none-eabi-10.3-2021.10/bin/../lib/gcc/arm-none-eabi/10.3.1/../../../../arm-none-eabi/lib/thumb/v7e-m/nofp/libg.a(lib_a-malloc.o)
                              build/PartA.o (malloc)
/usr/share/gcc-arm-none-eabi-10.3-2021.10/bin/../lib/gcc/arm-none-eabi/10.3.1/../../../../arm-none-eabi/lib/thumb/v7e-m/nofp/libg.a(lib_a-mallocr.o)
                              /usr/share/gcc-arm-none-eabi-10.3-2021.10/bin/../lib/gcc/arm-none-eabi/10.3.1/../../../../arm-none-eabi/lib/thumb/v7e-m/nofp/libg.a(lib_a-malloc.o) (_malloc_r)
/usr/share/gcc-arm-none-eabi-10.3-2021.10/bin/../lib/gcc/arm-none-eabi/10.3.1/../../../../arm-none-eabi/lib/thumb/v7e-m/nofp/libg.a(lib_a-mlock.o)
                              /usr/share/gcc-arm-none-eabi-10.3-2021.10/bin/../lib/gcc/arm-none-eabi/10.3.1/../../../../arm-none-eabi/lib/thumb/v7e-m/nofp/libg.a(lib_a-mallocr.o) (__malloc_lock)
/usr/share/gcc-arm-none-eabi-10.3-2021.10/bin/../lib/gcc/arm-none-eabi/10.3.1/../../../../arm-none-eabi/lib/thumb/v7e-m/nofp/libg.a(lib_a-sbrkr.o)
                              /usr/share/gcc-arm-none-eabi-10.3-2021.10/bin/../lib/gcc/arm-none-eabi/10.3.1/../../../../arm-none-eabi/lib/thumb/v7e-m/nofp/libg.a(lib_a-mallocr.o) (_sbrk_r)
/usr/share/gcc-arm-none-eabi-10.3-2021.10/bin/../lib/gcc/arm-none-eabi/10.3.1/../../../../arm-none-eabi/lib/thumb/v7e-m/nofp/libg.a(lib_a-strcat.o)
                              build/PartA.o (strcat)
/usr/share/gcc-arm-none-eabi-10.3-2021.10/bin/../lib/gcc/arm-none-eabi/10.3.1/../../../../arm-none-eabi/lib/thumb/v7e-m/nofp/libg.a(lib_a-strcpy.o)
                              build/PartA.o (strcpy)
/usr/share/gcc-arm-none-eabi-10.3-2021.10/bin/../lib/gcc/arm-none-eabi/10.3.1/../../../../arm-none-eabi/lib/thumb/v7e-m/nofp/libg.a(lib_a-strlen.o)
                              build/PartA.o (strlen)
/usr/share/gcc-arm-none-eabi-10.3-2021.10/bin/../lib/gcc/arm-none-eabi/10.3.1/../../../../arm-none-eabi/lib/thumb/v7e-m/nofp/libg.a(lib_a-freer.o)
                              /usr/share/gcc-arm-none-eabi-10.3-2021.10/bin/../lib/gcc/arm-none-eabi/10.3.1/../../../../arm-none-eabi/lib/thumb/v7e-m/nofp/libg.a(lib_a-malloc.o) (_free_r)
/usr/share/gcc-arm-none-eabi-10.3-2021.10/bin/../lib/gcc/arm-none-eabi/10.3.1/../../../../arm-none-eabi/lib/thumb/v7e-m/nofp/libg.a(lib_a-lock.o)
                              /usr/share/gcc-arm-none-eabi-10.3-2021.10/bin/../lib/gcc/arm-none-eabi/10.3.1/../../../../arm-none-eabi/lib/thumb/v7e-m/nofp/libg.a(lib_a-mlock.o) (__retarget_lock_acquire_recursive)
/usr/share/gcc-arm-none-eabi-10.3-2021.10/bin/../lib/gcc/arm-none-eabi/10.3.1/../../../../arm-none-eabi/lib/thumb/v7e-m/nofp/libg.a(lib_a-reent.o)
                              /usr/share/gcc-arm-none-eabi-10.3-2021.10/bin/../lib/gcc/arm-none-eabi/10.3.1/../../../../arm-none-eabi/lib/thumb/v7e-m/nofp/libg.a(lib_a-sbrkr.o) (errno)

Discarded input sections

 .group         0x0000000000000000        0xc build/PartA.o
 .group         0x0000000000000000        0xc build/PartA.o
 .group         0x0000000000000000        0xc build/PartA.o
 .group         0x0000000000000000        0xc build/PartA.o
 .group         0x0000000000000000        0xc build/PartA.o
 .group         0x0000000000000000        0xc build/PartA.o
 .group         0x0000000000000000        0xc build/PartA.o
 .group         0x0000000000000000        0xc build/PartA.o
 .group         0x0000000000000000        0xc build/PartA.o
 .group         0x0000000000000000        0xc build/PartA.o
 .group         0x0000000000000000        0xc build/PartA.o
 .group         0x0000000000000000        0xc build/PartA.o
 .group         0x0000000000000000        0xc build/PartA.o
 .group         0x0000000000000000        0xc build/PartA.o
 .group         0x0000000000000000        0xc build/PartA.o
 .group         0x0000000000000000        0xc build/PartA.o
 .group         0x0000000000000000        0xc build/PartA.o
 .group         0x0000000000000000        0xc build/PartA.o
 .group         0x0000000000000000        0xc build/PartA.o
 .group         0x0000000000000000        0xc build/PartA.o
 .group         0x0000000000000000        0xc build/PartA.o
[...]
Memory Configuration

Name             Origin             Length             Attributes
FLASH_1_cached   0x0000000008000000 0x0000000000100000 xr
FLASH_1_uncached 0x000000000c000000 0x0000000000100000 xr
PSRAM_1          0x0000000010000000 0x0000000000010000 !xr
DSRAM_1_system   0x0000000020000000 0x0000000000010000 !xr
DSRAM_2_comm     0x0000000030000000 0x0000000000008000 !xr
*default*        0x0000000000000000 0xffffffffffffffff

Linker script and memory map

LOAD build/PartA.o
LOAD lib_build/xmc_gpio.o
LOAD lib_build/xmc4_gpio.o
LOAD lib_build/xmc_ccu4.o
LOAD lib_build/xmc4_scu.o
LOAD lib_build/startup_XMC4500.o
LOAD lib_build/system_XMC4500.o
LOAD lib_build/syscalls.o
START GROUP
LOAD /usr/share/gcc-arm-none-eabi-10.3-2021.10/bin/../lib/gcc/arm-none-eabi/10.3.1/thumb/v7e-m/nofp/libgcc.a
LOAD /usr/share/gcc-arm-none-eabi-10.3-2021.10/bin/../lib/gcc/arm-none-eabi/10.3.1/../../../../arm-none-eabi/lib/thumb/v7e-m/nofp/libg.a
LOAD /usr/share/gcc-arm-none-eabi-10.3-2021.10/bin/../lib/gcc/arm-none-eabi/10.3.1/../../../../arm-none-eabi/lib/thumb/v7e-m/nofp/libc.a
END GROUP
START GROUP
LOAD /usr/share/gcc-arm-none-eabi-10.3-2021.10/bin/../lib/gcc/arm-none-eabi/10.3.1/thumb/v7e-m/nofp/libgcc.a
LOAD /usr/share/gcc-arm-none-eabi-10.3-2021.10/bin/../lib/gcc/arm-none-eabi/10.3.1/../../../../arm-none-eabi/lib/thumb/v7e-m/nofp/libc.a
LOAD /usr/share/gcc-arm-none-eabi-10.3-2021.10/bin/../lib/gcc/arm-none-eabi/10.3.1/../../../../arm-none-eabi/lib/thumb/v7e-m/nofp/libnosys.a
END GROUP
                0x0000000000000800                stack_size = DEFINED (stack_size)?stack_size:0x800
                0x0000000000000040                no_init_size = 0x40

.text           0x0000000008000000     0x3cbc load address 0x000000000c000000
                0x0000000008000000                sText = .
 *(.reset)
 .reset         0x0000000008000000      0x2b2 lib_build/startup_XMC4500.o
                0x0000000008000000                __Vectors
                0x0000000008000200                Reset_Handler
                0x00000000080002b0                VADC0_C0_3_IRQHandler
                0x00000000080002b0                DSD0_7_IRQHandler
                0x00000000080002b0                DebugMon_Handler
                0x00000000080002b0                VADC0_C0_0_IRQHandler
                0x00000000080002b0                CAN0_4_IRQHandler
                0x00000000080002b0                VADC0_G2_0_IRQHandler
                0x00000000080002b0                USIC0_5_IRQHandler
                0x00000000080002b0                POSIF0_0_IRQHandler
                0x00000000080002b0                POSIF1_0_IRQHandler
                0x00000000080002b0                HardFault_Handler
                0x00000000080002b0                VADC0_G1_1_IRQHandler
                0x00000000080002b0                SysTick_Handler
                0x00000000080002b0                PendSV_Handler
                0x00000000080002b0                NMI_Handler
                0x00000000080002b0                USIC1_3_IRQHandler
                0x00000000080002b0                CCU40_2_IRQHandler
                0x00000000080002b0                SCU_0_IRQHandler
                0x00000000080002b0                ERU0_0_IRQHandler
                0x00000000080002b0                CCU41_0_IRQHandler
                0x00000000080002b0                USIC1_5_IRQHandler
                0x00000000080002b0                DSD0_4_IRQHandler
                0x00000000080002b0                CCU80_1_IRQHandler
                0x00000000080002b0                CCU81_0_IRQHandler
                0x00000000080002b0                UsageFault_Handler
                0x00000000080002b0                USIC0_0_IRQHandler
                0x00000000080002b0                POSIF1_1_IRQHandler
                0x00000000080002b0                ERU0_2_IRQHandler
                0x00000000080002b0                CCU81_1_IRQHandler
                0x00000000080002b0                ERU1_1_IRQHandler
                0x00000000080002b0                VADC0_G2_3_IRQHandler
                0x00000000080002b0                VADC0_G2_2_IRQHandler
                0x00000000080002b0                CCU42_3_IRQHandler
                0x00000000080002b0                ERU0_3_IRQHandler
                0x00000000080002b0                DSD0_5_IRQHandler
                0x00000000080002b0                CAN0_6_IRQHandler
                0x00000000080002b0                CCU43_0_IRQHandler
                0x00000000080002b0                VADC0_G0_1_IRQHandler
                0x00000000080002b0                CCU81_2_IRQHandler
                0x00000000080002b0                USIC2_4_IRQHandler
                0x00000000080002b0                CCU81_3_IRQHandler
                0x00000000080002b0                CCU42_1_IRQHandler
                0x00000000080002b0                USIC1_1_IRQHandler
                0x00000000080002b0                USIC2_5_IRQHandler
                0x00000000080002b0                CAN0_0_IRQHandler
                0x00000000080002b0                ERU1_0_IRQHandler
                0x00000000080002b0                CCU42_2_IRQHandler
                0x00000000080002b0                Default_Handler
                0x00000000080002b0                USIC1_4_IRQHandler
                0x00000000080002b0                ERU1_3_IRQHandler
                0x00000000080002b0                USIC1_0_IRQHandler
                0x00000000080002b0                POSIF0_1_IRQHandler
                0x00000000080002b0                VADC0_G0_0_IRQHandler
                0x00000000080002b0                DSD0_2_IRQHandler
                0x00000000080002b0                CCU80_3_IRQHandler
                0x00000000080002b0                CCU41_3_IRQHandler
                0x00000000080002b0                CCU80_2_IRQHandler
                0x00000000080002b0                VADC0_G1_3_IRQHandler
                0x00000000080002b0                VADC0_G0_3_IRQHandler
                0x00000000080002b0                GPDMA0_0_IRQHandler
                0x00000000080002b0                PMU0_0_IRQHandler
                0x00000000080002b0                CAN0_7_IRQHandler
                0x00000000080002b0                DSD0_1_IRQHandler
                0x00000000080002b0                CCU41_2_IRQHandler
                0x00000000080002b0                VADC0_C0_1_IRQHandler
                0x00000000080002b0                CCU43_2_IRQHandler
                0x00000000080002b0                USIC2_2_IRQHandler
                0x00000000080002b0                MemManage_Handler
                0x00000000080002b0                VADC0_G3_1_IRQHandler
                0x00000000080002b0                DAC0_0_IRQHandler
                0x00000000080002b0                SVC_Handler
                0x00000000080002b0                VADC0_G3_3_IRQHandler
                0x00000000080002b0                ERU1_2_IRQHandler
                0x00000000080002b0                CCU41_1_IRQHandler
                0x00000000080002b0                DSD0_6_IRQHandler
                0x00000000080002b0                CCU43_1_IRQHandler
                0x00000000080002b0                VADC0_G1_2_IRQHandler
                0x00000000080002b0                USIC2_3_IRQHandler
                0x00000000080002b0                CAN0_2_IRQHandler
                0x00000000080002b0                USIC2_0_IRQHandler
                0x00000000080002b0                VADC0_G0_2_IRQHandler
                0x00000000080002b0                VADC0_G2_1_IRQHandler
                0x00000000080002b0                CAN0_3_IRQHandler
                0x00000000080002b0                ETH0_0_IRQHandler
                0x00000000080002b0                USIC0_3_IRQHandler
                0x00000000080002b0                DSD0_0_IRQHandler
                0x00000000080002b0                VADC0_C0_2_IRQHandler
                0x00000000080002b0                CCU42_0_IRQHandler
                0x00000000080002b0                FCE0_0_IRQHandler
                0x00000000080002b0                VADC0_G1_0_IRQHandler
                0x00000000080002b0                USB0_0_IRQHandler
                0x00000000080002b0                CAN0_5_IRQHandler
                0x00000000080002b0                CCU80_0_IRQHandler
                0x00000000080002b0                CCU40_1_IRQHandler
                0x00000000080002b0                USIC2_1_IRQHandler
                0x00000000080002b0                USIC0_1_IRQHandler
                0x00000000080002b0                VADC0_G3_2_IRQHandler
                0x00000000080002b0                CCU40_3_IRQHandler
                0x00000000080002b0                BusFault_Handler
                0x00000000080002b0                LEDTS0_0_IRQHandler
                0x00000000080002b0                USIC0_4_IRQHandler
                0x00000000080002b0                CCU43_3_IRQHandler
                0x00000000080002b0                ERU0_1_IRQHandler
                0x00000000080002b0                VADC0_G3_0_IRQHandler
                0x00000000080002b0                USIC1_2_IRQHandler
                0x00000000080002b0                DSD0_3_IRQHandler
                0x00000000080002b0                SDMMC0_0_IRQHandler
                0x00000000080002b0                CAN0_1_IRQHandler
                0x00000000080002b0                USIC0_2_IRQHandler
                0x00000000080002b0                DAC0_1_IRQHandler
                0x00000000080002b0                GPDMA1_0_IRQHandler
 *(.text .text.* .gnu.linkonce.t.*)
 .text          0x00000000080002b2        0x0 build/PartA.o
 *fill*         0x00000000080002b2        0x2 
 .text.__NVIC_EnableIRQ
                0x00000000080002b4       0x3c build/PartA.o
 .text.XMC_GPIO_SetOutputLevel
                0x00000000080002f0       0x24 build/PartA.o
 .text.XMC_CCU4_EnableClock
                0x0000000008000314       0x2a build/PartA.o
 .text.XMC_CCU4_SLICE_StartTimer
                0x000000000800033e       0x1a build/PartA.o
 .text.XMC_CCU4_SLICE_SetTimerPeriodMatch
                0x0000000008000358       0x1e build/PartA.o
 .text.XMC_CCU4_EnableShadowTransfer
                0x0000000008000376       0x1c build/PartA.o
 .text.XMC_CCU4_SLICE_EnableEvent
                0x0000000008000392       0x2e build/PartA.o
 .text.get_morse
                0x00000000080003c0       0x5c build/PartA.o
                0x00000000080003c0                get_morse
 .text.str_concat
                0x000000000800041c       0x42 build/PartA.o
                0x000000000800041c                str_concat
 *fill*         0x000000000800045e        0x2 
 .text.creat_morse_code
                0x0000000008000460       0x88 build/PartA.o
                0x0000000008000460                creat_morse_code
 .text.main     0x00000000080004e8       0xf0 build/PartA.o
                0x00000000080004e8                main
 .text.CCU40_0_IRQHandler
                0x00000000080005d8       0x1c build/PartA.o
                0x00000000080005d8                CCU40_0_IRQHandler
 .text          0x00000000080005f4        0x0 lib_build/xmc_gpio.o
 .text.XMC_GPIO_SetMode
                0x00000000080005f4       0x82 lib_build/xmc_gpio.o
                0x00000000080005f4                XMC_GPIO_SetMode
 .text.XMC_GPIO_SetHardwareControl
                0x0000000008000676       0x46 lib_build/xmc_gpio.o
                0x0000000008000676                XMC_GPIO_SetHardwareControl
 .text          0x00000000080006bc        0x0 lib_build/xmc4_gpio.o
 .text.XMC_GPIO_Init
                0x00000000080006bc      0x144 lib_build/xmc4_gpio.o
                0x00000000080006bc                XMC_GPIO_Init
 .text.XMC_GPIO_SetOutputStrength
                0x0000000008000800       0x86 lib_build/xmc4_gpio.o
                0x0000000008000800                XMC_GPIO_SetOutputStrength
 .text          0x0000000008000886        0x0 lib_build/xmc_ccu4.o
 .text.XMC_CCU4_StartPrescaler
                0x0000000008000886       0x20 lib_build/xmc_ccu4.o
 .text.XMC_CCU4_SLICE_SetDitherCompareValue
                0x00000000080008a6       0x1e lib_build/xmc_ccu4.o
 .text.XMC_CCU4_lAssertReset
                0x00000000080008c4       0x64 lib_build/xmc_ccu4.o
 .text.XMC_CCU4_lDeassertReset
                0x0000000008000928       0x64 lib_build/xmc_ccu4.o
 .text.XMC_CCU4_EnableModule
                0x000000000800098c       0x1c lib_build/xmc_ccu4.o
                0x000000000800098c                XMC_CCU4_EnableModule
 .text.XMC_CCU4_DisableModule
                0x00000000080009a8       0x16 lib_build/xmc_ccu4.o
                0x00000000080009a8                XMC_CCU4_DisableModule
 .text.XMC_CCU4_Init
                0x00000000080009be       0x3e lib_build/xmc_ccu4.o
                0x00000000080009be                XMC_CCU4_Init
 .text.XMC_CCU4_SetModuleClock
                0x00000000080009fc       0x36 lib_build/xmc_ccu4.o
                0x00000000080009fc                XMC_CCU4_SetModuleClock
 .text.XMC_CCU4_SetMultiChannelShadowTransferMode
                0x0000000008000a32       0x38 lib_build/xmc_ccu4.o
                0x0000000008000a32                XMC_CCU4_SetMultiChannelShadowTransferMode
 .text.XMC_CCU4_SLICE_CompareInit
                0x0000000008000a6a       0x6e lib_build/xmc_ccu4.o
                0x0000000008000a6a                XMC_CCU4_SLICE_CompareInit
 .text.XMC_CCU4_SLICE_CaptureInit
                0x0000000008000ad8       0x4e lib_build/xmc_ccu4.o
                0x0000000008000ad8                XMC_CCU4_SLICE_CaptureInit
 .text.XMC_CCU4_SLICE_StartConfig
                0x0000000008000b26       0x5c lib_build/xmc_ccu4.o
                0x0000000008000b26                XMC_CCU4_SLICE_StartConfig
 .text.XMC_CCU4_SLICE_StopConfig
                0x0000000008000b82       0x58 lib_build/xmc_ccu4.o
                0x0000000008000b82                XMC_CCU4_SLICE_StopConfig
 .text.XMC_CCU4_SLICE_LoadConfig
                0x0000000008000bda       0x36 lib_build/xmc_ccu4.o
                0x0000000008000bda                XMC_CCU4_SLICE_LoadConfig
 .text.XMC_CCU4_SLICE_ModulationConfig
                0x0000000008000c10       0x80 lib_build/xmc_ccu4.o
                0x0000000008000c10                XMC_CCU4_SLICE_ModulationConfig
 .text.XMC_CCU4_SLICE_CountConfig
                0x0000000008000c90       0x36 lib_build/xmc_ccu4.o
                0x0000000008000c90                XMC_CCU4_SLICE_CountConfig
 .text.XMC_CCU4_SLICE_GateConfig
                0x0000000008000cc6       0x36 lib_build/xmc_ccu4.o
                0x0000000008000cc6                XMC_CCU4_SLICE_GateConfig
 .text.XMC_CCU4_SLICE_Capture0Config
                0x0000000008000cfc       0x36 lib_build/xmc_ccu4.o
                0x0000000008000cfc                XMC_CCU4_SLICE_Capture0Config
 .text.XMC_CCU4_SLICE_Capture1Config
                0x0000000008000d32       0x36 lib_build/xmc_ccu4.o
                0x0000000008000d32                XMC_CCU4_SLICE_Capture1Config
 .text.XMC_CCU4_SLICE_DirectionConfig
                0x0000000008000d68       0x36 lib_build/xmc_ccu4.o
                0x0000000008000d68                XMC_CCU4_SLICE_DirectionConfig
 .text.XMC_CCU4_SLICE_StatusBitOverrideConfig
                0x0000000008000d9e       0x30 lib_build/xmc_ccu4.o
                0x0000000008000d9e                XMC_CCU4_SLICE_StatusBitOverrideConfig
 .text.XMC_CCU4_SLICE_TrapConfig
                0x0000000008000dce       0x74 lib_build/xmc_ccu4.o
                0x0000000008000dce                XMC_CCU4_SLICE_TrapConfig
 .text.XMC_CCU4_SLICE_ConfigureStatusBitOverrideEvent
                0x0000000008000e42       0xc4 lib_build/xmc_ccu4.o
                0x0000000008000e42                XMC_CCU4_SLICE_ConfigureStatusBitOverrideEvent
 .text.XMC_CCU4_SLICE_ConfigureEvent
                0x0000000008000f06       0xd4 lib_build/xmc_ccu4.o
                0x0000000008000f06                XMC_CCU4_SLICE_ConfigureEvent
 .text.XMC_CCU4_SLICE_SetInput
                0x0000000008000fda       0x52 lib_build/xmc_ccu4.o
                0x0000000008000fda                XMC_CCU4_SLICE_SetInput
 .text.XMC_CCU4_SLICE_SetTimerRepeatMode
                0x000000000800102c       0x38 lib_build/xmc_ccu4.o
                0x000000000800102c                XMC_CCU4_SLICE_SetTimerRepeatMode
 .text.XMC_CCU4_SLICE_SetTimerCountingMode
                0x0000000008001064       0x38 lib_build/xmc_ccu4.o
                0x0000000008001064                XMC_CCU4_SLICE_SetTimerCountingMode
 .text.XMC_CCU4_SLICE_GetCaptureRegisterValue
                0x000000000800109c       0x24 lib_build/xmc_ccu4.o
                0x000000000800109c                XMC_CCU4_SLICE_GetCaptureRegisterValue
 .text.XMC_CCU4_SLICE_GetLastCapturedTimerValue
                0x00000000080010c0       0x8c lib_build/xmc_ccu4.o
                0x00000000080010c0                XMC_CCU4_SLICE_GetLastCapturedTimerValue
 .text.XMC_CCU4_GetCapturedValueFromFifo
                0x000000000800114c       0x38 lib_build/xmc_ccu4.o
                0x000000000800114c                XMC_CCU4_GetCapturedValueFromFifo
 .text.XMC_CCU4_SLICE_EnableDithering
                0x0000000008001184       0x5c lib_build/xmc_ccu4.o
                0x0000000008001184                XMC_CCU4_SLICE_EnableDithering
 .text.XMC_CCU4_SLICE_SetPrescaler
                0x00000000080011e0       0x3c lib_build/xmc_ccu4.o
                0x00000000080011e0                XMC_CCU4_SLICE_SetPrescaler
 .text.XMC_CCU4_SLICE_SetInterruptNode
                0x000000000800121c       0xb0 lib_build/xmc_ccu4.o
                0x000000000800121c                XMC_CCU4_SLICE_SetInterruptNode
 .text.XMC_CCU4_SLICE_SetPassiveLevel
                0x00000000080012cc       0x34 lib_build/xmc_ccu4.o
                0x00000000080012cc                XMC_CCU4_SLICE_SetPassiveLevel
 .text          0x0000000008001300        0x0 lib_build/xmc4_scu.o
 .text.XMC_SCU_CLOCK_GetUsbClockSource
                0x0000000008001300       0x1c lib_build/xmc4_scu.o
 .text.XMC_SCU_CLOCK_GetWdtClockSource
                0x000000000800131c       0x1c lib_build/xmc4_scu.o
 .text.XMC_SCU_CLOCK_GetExternalOutputClockSource
                0x0000000008001338       0x20 lib_build/xmc4_scu.o
 .text.XMC_SCU_CLOCK_GetSystemClockFrequency
                0x0000000008001358       0x28 lib_build/xmc4_scu.o
 .text.XMC_SCU_CLOCK_GetCpuClockFrequency
                0x0000000008001380       0x18 lib_build/xmc4_scu.o
 .text.XMC_SCU_GetMirrorStatus
                0x0000000008001398       0x18 lib_build/xmc4_scu.o
 .text.XMC_SCU_lDelay
                0x00000000080013b0       0x48 lib_build/xmc4_scu.o
 .text.XMC_SCU_INTERRUPT_EnableEvent
                0x00000000080013f8       0x24 lib_build/xmc4_scu.o
                0x00000000080013f8                XMC_SCU_INTERRUPT_EnableEvent
 .text.XMC_SCU_INTERRUPT_DisableEvent
                0x000000000800141c       0x28 lib_build/xmc4_scu.o
                0x000000000800141c                XMC_SCU_INTERRUPT_DisableEvent
 .text.XMC_SCU_INTERRUPT_TriggerEvent
                0x0000000008001444       0x24 lib_build/xmc4_scu.o
                0x0000000008001444                XMC_SCU_INTERRUPT_TriggerEvent
 .text.XMC_SCU_INTERUPT_GetEventStatus
                0x0000000008001468       0x18 lib_build/xmc4_scu.o
                0x0000000008001468                XMC_SCU_INTERUPT_GetEventStatus
 .text.XMC_SCU_INTERRUPT_ClearEventStatus
                0x0000000008001480       0x20 lib_build/xmc4_scu.o
                0x0000000008001480                XMC_SCU_INTERRUPT_ClearEventStatus
 .text.XMC_SCU_GetBootMode
                0x00000000080014a0       0x1c lib_build/xmc4_scu.o
                0x00000000080014a0                XMC_SCU_GetBootMode
 .text.XMC_SCU_SetBootMode
                0x00000000080014bc       0x20 lib_build/xmc4_scu.o
                0x00000000080014bc                XMC_SCU_SetBootMode
 .text.XMC_SCU_ReadGPR
                0x00000000080014dc       0x24 lib_build/xmc4_scu.o
                0x00000000080014dc                XMC_SCU_ReadGPR
 .text.XMC_SCU_WriteGPR
                0x0000000008001500       0x28 lib_build/xmc4_scu.o
                0x0000000008001500                XMC_SCU_WriteGPR
 .text.XMC_SCU_EnableOutOfRangeComparator
                0x0000000008001528       0x38 lib_build/xmc4_scu.o
                0x0000000008001528                XMC_SCU_EnableOutOfRangeComparator
 .text.XMC_SCU_DisableOutOfRangeComparator
                0x0000000008001560       0x3c lib_build/xmc4_scu.o
                0x0000000008001560                XMC_SCU_DisableOutOfRangeComparator
 .text.XMC_SCU_CalibrateTemperatureSensor
                0x000000000800159c       0x30 lib_build/xmc4_scu.o
                0x000000000800159c                XMC_SCU_CalibrateTemperatureSensor
 .text.XMC_SCU_EnableTemperatureSensor
                0x00000000080015cc       0x24 lib_build/xmc4_scu.o
                0x00000000080015cc                XMC_SCU_EnableTemperatureSensor
 .text.XMC_SCU_DisableTemperatureSensor
                0x00000000080015f0       0x24 lib_build/xmc4_scu.o
                0x00000000080015f0                XMC_SCU_DisableTemperatureSensor
 .text.XMC_SCU_IsTemperatureSensorEnabled
                0x0000000008001614       0x28 lib_build/xmc4_scu.o
                0x0000000008001614                XMC_SCU_IsTemperatureSensorEnabled
 .text.XMC_SCU_IsTemperatureSensorReady
                0x000000000800163c       0x28 lib_build/xmc4_scu.o
                0x000000000800163c                XMC_SCU_IsTemperatureSensorReady
 .text.XMC_SCU_StartTemperatureMeasurement
                0x0000000008001664       0x4c lib_build/xmc4_scu.o
                0x0000000008001664                XMC_SCU_StartTemperatureMeasurement
 .text.XMC_SCU_GetTemperatureMeasurement
                0x00000000080016b0       0x38 lib_build/xmc4_scu.o
                0x00000000080016b0                XMC_SCU_GetTemperatureMeasurement
 .text.XMC_SCU_IsTemperatureSensorBusy
                0x00000000080016e8       0x28 lib_build/xmc4_scu.o
                0x00000000080016e8                XMC_SCU_IsTemperatureSensorBusy
 .text.XMC_SCU_WriteToRetentionMemory
                0x0000000008001710       0x50 lib_build/xmc4_scu.o
                0x0000000008001710                XMC_SCU_WriteToRetentionMemory
 .text.XMC_SCU_ReadFromRetentionMemory
                0x0000000008001760       0x48 lib_build/xmc4_scu.o
                0x0000000008001760                XMC_SCU_ReadFromRetentionMemory
 .text.XMC_SCU_CLOCK_Init
                0x00000000080017a8       0xe6 lib_build/xmc4_scu.o
                0x00000000080017a8                XMC_SCU_CLOCK_Init
 *fill*         0x000000000800188e        0x2 
 .text.XMC_SCU_TRAP_Enable
                0x0000000008001890       0x28 lib_build/xmc4_scu.o
                0x0000000008001890                XMC_SCU_TRAP_Enable
 .text.XMC_SCU_TRAP_Disable
                0x00000000080018b8       0x24 lib_build/xmc4_scu.o
                0x00000000080018b8                XMC_SCU_TRAP_Disable
 .text.XMC_SCU_TRAP_GetStatus
                0x00000000080018dc       0x18 lib_build/xmc4_scu.o
                0x00000000080018dc                XMC_SCU_TRAP_GetStatus
 .text.XMC_SCU_TRAP_Trigger
                0x00000000080018f4       0x20 lib_build/xmc4_scu.o
                0x00000000080018f4                XMC_SCU_TRAP_Trigger
 .text.XMC_SCU_TRAP_ClearStatus
                0x0000000008001914       0x20 lib_build/xmc4_scu.o
                0x0000000008001914                XMC_SCU_TRAP_ClearStatus
 .text.XMC_SCU_PARITY_ClearStatus
                0x0000000008001934       0x24 lib_build/xmc4_scu.o
                0x0000000008001934                XMC_SCU_PARITY_ClearStatus
 .text.XMC_SCU_PARITY_GetStatus
                0x0000000008001958       0x18 lib_build/xmc4_scu.o
                0x0000000008001958                XMC_SCU_PARITY_GetStatus
 .text.XMC_SCU_PARITY_Enable
                0x0000000008001970       0x24 lib_build/xmc4_scu.o
                0x0000000008001970                XMC_SCU_PARITY_Enable
 .text.XMC_SCU_PARITY_Disable
                0x0000000008001994       0x28 lib_build/xmc4_scu.o
                0x0000000008001994                XMC_SCU_PARITY_Disable
 .text.XMC_SCU_PARITY_EnableTrapGeneration
                0x00000000080019bc       0x24 lib_build/xmc4_scu.o
                0x00000000080019bc                XMC_SCU_PARITY_EnableTrapGeneration
 .text.XMC_SCU_PARITY_DisableTrapGeneration
                0x00000000080019e0       0x28 lib_build/xmc4_scu.o
                0x00000000080019e0                XMC_SCU_PARITY_DisableTrapGeneration
 .text.XMC_SCU_INTERRUPT_EnableNmiRequest
                0x0000000008001a08       0x24 lib_build/xmc4_scu.o
                0x0000000008001a08                XMC_SCU_INTERRUPT_EnableNmiRequest
 .text.XMC_SCU_INTERRUPT_DisableNmiRequest
                0x0000000008001a2c       0x28 lib_build/xmc4_scu.o
                0x0000000008001a2c                XMC_SCU_INTERRUPT_DisableNmiRequest
 .text.XMC_SCU_RESET_AssertPeripheralReset
                0x0000000008001a54       0x3c lib_build/xmc4_scu.o
                0x0000000008001a54                XMC_SCU_RESET_AssertPeripheralReset
 .text.XMC_SCU_RESET_DeassertPeripheralReset
                0x0000000008001a90       0x3c lib_build/xmc4_scu.o
                0x0000000008001a90                XMC_SCU_RESET_DeassertPeripheralReset
 .text.XMC_SCU_RESET_IsPeripheralResetAsserted
                0x0000000008001acc       0x48 lib_build/xmc4_scu.o
                0x0000000008001acc                XMC_SCU_RESET_IsPeripheralResetAsserted
 .text.XMC_SCU_CLOCK_GetSystemPllClockFrequency
                0x0000000008001b14       0x7c lib_build/xmc4_scu.o
                0x0000000008001b14                XMC_SCU_CLOCK_GetSystemPllClockFrequency
 .text.XMC_SCU_CLOCK_GetSystemPllClockSourceFrequency
                0x0000000008001b90       0x30 lib_build/xmc4_scu.o
                0x0000000008001b90                XMC_SCU_CLOCK_GetSystemPllClockSourceFrequency
 .text.XMC_SCU_CLOCK_GetUsbPllClockFrequency
                0x0000000008001bc0       0x54 lib_build/xmc4_scu.o
                0x0000000008001bc0                XMC_SCU_CLOCK_GetUsbPllClockFrequency
 .text.XMC_SCU_CLOCK_GetCcuClockFrequency
                0x0000000008001c14       0x2c lib_build/xmc4_scu.o
                0x0000000008001c14                XMC_SCU_CLOCK_GetCcuClockFrequency
 .text.XMC_SCU_CLOCK_GetUsbClockFrequency
                0x0000000008001c40       0x48 lib_build/xmc4_scu.o
                0x0000000008001c40                XMC_SCU_CLOCK_GetUsbClockFrequency
 .text.XMC_SCU_CLOCK_GetEbuClockFrequency
                0x0000000008001c88       0x28 lib_build/xmc4_scu.o
                0x0000000008001c88                XMC_SCU_CLOCK_GetEbuClockFrequency
 .text.XMC_SCU_CLOCK_GetWdtClockFrequency
                0x0000000008001cb0       0x58 lib_build/xmc4_scu.o
                0x0000000008001cb0                XMC_SCU_CLOCK_GetWdtClockFrequency
 .text.XMC_SCU_CLOCK_GetExternalOutputClockFrequency
                0x0000000008001d08       0x70 lib_build/xmc4_scu.o
                0x0000000008001d08                XMC_SCU_CLOCK_GetExternalOutputClockFrequency
 .text.XMC_SCU_CLOCK_GetPeripheralClockFrequency
                0x0000000008001d78       0x20 lib_build/xmc4_scu.o
                0x0000000008001d78                XMC_SCU_CLOCK_GetPeripheralClockFrequency
 .text.XMC_SCU_CLOCK_SetSystemClockSource
                0x0000000008001d98       0x28 lib_build/xmc4_scu.o
                0x0000000008001d98                XMC_SCU_CLOCK_SetSystemClockSource
 .text.XMC_SCU_CLOCK_SetUsbClockSource
                0x0000000008001dc0       0x28 lib_build/xmc4_scu.o
                0x0000000008001dc0                XMC_SCU_CLOCK_SetUsbClockSource
 .text.XMC_SCU_CLOCK_SetWdtClockSource
                0x0000000008001de8       0x28 lib_build/xmc4_scu.o
                0x0000000008001de8                XMC_SCU_CLOCK_SetWdtClockSource
 .text.XMC_SCU_CLOCK_SetExternalOutputClockSource
                0x0000000008001e10       0x2c lib_build/xmc4_scu.o
                0x0000000008001e10                XMC_SCU_CLOCK_SetExternalOutputClockSource
 .text.XMC_SCU_CLOCK_SetSystemPllClockSource
                0x0000000008001e3c       0x44 lib_build/xmc4_scu.o
                0x0000000008001e3c                XMC_SCU_CLOCK_SetSystemPllClockSource
 .text.XMC_SCU_HIB_SetRtcClockSource
                0x0000000008001e80       0x40 lib_build/xmc4_scu.o
                0x0000000008001e80                XMC_SCU_HIB_SetRtcClockSource
 .text.XMC_SCU_HIB_SetStandbyClockSource
                0x0000000008001ec0       0x40 lib_build/xmc4_scu.o
                0x0000000008001ec0                XMC_SCU_HIB_SetStandbyClockSource
 .text.XMC_SCU_CLOCK_SetSystemClockDivider
                0x0000000008001f00       0x2c lib_build/xmc4_scu.o
                0x0000000008001f00                XMC_SCU_CLOCK_SetSystemClockDivider
 .text.XMC_SCU_CLOCK_SetCcuClockDivider
                0x0000000008001f2c       0x2c lib_build/xmc4_scu.o
                0x0000000008001f2c                XMC_SCU_CLOCK_SetCcuClockDivider
 .text.XMC_SCU_CLOCK_SetCpuClockDivider
                0x0000000008001f58       0x2c lib_build/xmc4_scu.o
                0x0000000008001f58                XMC_SCU_CLOCK_SetCpuClockDivider
 .text.XMC_SCU_CLOCK_SetPeripheralClockDivider
                0x0000000008001f84       0x2c lib_build/xmc4_scu.o
                0x0000000008001f84                XMC_SCU_CLOCK_SetPeripheralClockDivider
 .text.XMC_SCU_CLOCK_SetUsbClockDivider
                0x0000000008001fb0       0x2c lib_build/xmc4_scu.o
                0x0000000008001fb0                XMC_SCU_CLOCK_SetUsbClockDivider
 .text.XMC_SCU_CLOCK_SetEbuClockDivider
                0x0000000008001fdc       0x2c lib_build/xmc4_scu.o
                0x0000000008001fdc                XMC_SCU_CLOCK_SetEbuClockDivider
 .text.XMC_SCU_CLOCK_SetWdtClockDivider
                0x0000000008002008       0x2c lib_build/xmc4_scu.o
                0x0000000008002008                XMC_SCU_CLOCK_SetWdtClockDivider
 .text.XMC_SCU_CLOCK_SetExternalOutputClockDivider
                0x0000000008002034       0x30 lib_build/xmc4_scu.o
                0x0000000008002034                XMC_SCU_CLOCK_SetExternalOutputClockDivider
 .text.XMC_SCU_CLOCK_EnableClock
                0x0000000008002064       0x20 lib_build/xmc4_scu.o
                0x0000000008002064                XMC_SCU_CLOCK_EnableClock
 .text.XMC_SCU_CLOCK_DisableClock
                0x0000000008002084       0x20 lib_build/xmc4_scu.o
                0x0000000008002084                XMC_SCU_CLOCK_DisableClock
 .text.XMC_SCU_CLOCK_IsClockEnabled
                0x00000000080020a4       0x2c lib_build/xmc4_scu.o
                0x00000000080020a4                XMC_SCU_CLOCK_IsClockEnabled
 .text.XMC_SCU_POWER_GetEVR13Voltage
                0x00000000080020d0       0x30 lib_build/xmc4_scu.o
                0x00000000080020d0                XMC_SCU_POWER_GetEVR13Voltage
 .text.XMC_SCU_POWER_GetEVR33Voltage
                0x0000000008002100       0x34 lib_build/xmc4_scu.o
                0x0000000008002100                XMC_SCU_POWER_GetEVR33Voltage
 .text.XMC_SCU_CLOCK_EnableUsbPll
                0x0000000008002134       0x24 lib_build/xmc4_scu.o
                0x0000000008002134                XMC_SCU_CLOCK_EnableUsbPll
 .text.XMC_SCU_CLOCK_DisableUsbPll
                0x0000000008002158       0x24 lib_build/xmc4_scu.o
                0x0000000008002158                XMC_SCU_CLOCK_DisableUsbPll
 .text.XMC_SCU_CLOCK_StartUsbPll
                0x000000000800217c       0x78 lib_build/xmc4_scu.o
                0x000000000800217c                XMC_SCU_CLOCK_StartUsbPll
 .text.XMC_SCU_CLOCK_StopUsbPll
                0x00000000080021f4       0x1c lib_build/xmc4_scu.o
                0x00000000080021f4                XMC_SCU_CLOCK_StopUsbPll
 .text.XMC_SCU_CLOCK_SetBackupClockCalibrationMode
                0x0000000008002210       0x4c lib_build/xmc4_scu.o
                0x0000000008002210                XMC_SCU_CLOCK_SetBackupClockCalibrationMode
 .text.XMC_SCU_POWER_EnableUsb
                0x000000000800225c       0x1c lib_build/xmc4_scu.o
                0x000000000800225c                XMC_SCU_POWER_EnableUsb
 .text.XMC_SCU_POWER_DisableUsb
                0x0000000008002278       0x1c lib_build/xmc4_scu.o
                0x0000000008002278                XMC_SCU_POWER_DisableUsb
 .text.XMC_SCU_CLOCK_IsUsbPllLocked
                0x0000000008002294       0x24 lib_build/xmc4_scu.o
                0x0000000008002294                XMC_SCU_CLOCK_IsUsbPllLocked
 .text.XMC_SCU_HIB_EnableHibernateDomain
                0x00000000080022b8       0x58 lib_build/xmc4_scu.o
                0x00000000080022b8                XMC_SCU_HIB_EnableHibernateDomain
 .text.XMC_SCU_HIB_DisableHibernateDomain
                0x0000000008002310       0x24 lib_build/xmc4_scu.o
                0x0000000008002310                XMC_SCU_HIB_DisableHibernateDomain
 .text.XMC_SCU_HIB_IsHibernateDomainEnabled
                0x0000000008002334       0x3c lib_build/xmc4_scu.o
                0x0000000008002334                XMC_SCU_HIB_IsHibernateDomainEnabled
 .text.XMC_SCU_HIB_EnableInternalSlowClock
                0x0000000008002370       0x34 lib_build/xmc4_scu.o
                0x0000000008002370                XMC_SCU_HIB_EnableInternalSlowClock
 .text.XMC_SCU_HIB_DisableInternalSlowClock
                0x00000000080023a4       0x34 lib_build/xmc4_scu.o
                0x00000000080023a4                XMC_SCU_HIB_DisableInternalSlowClock
 .text.XMC_SCU_HIB_ClearEventStatus
                0x00000000080023d8       0x34 lib_build/xmc4_scu.o
                0x00000000080023d8                XMC_SCU_HIB_ClearEventStatus
 .text.XMC_SCU_HIB_TriggerEvent
                0x000000000800240c       0x34 lib_build/xmc4_scu.o
                0x000000000800240c                XMC_SCU_HIB_TriggerEvent
 .text.XMC_SCU_HIB_EnableEvent
                0x0000000008002440       0x38 lib_build/xmc4_scu.o
                0x0000000008002440                XMC_SCU_HIB_EnableEvent
 .text.XMC_SCU_HIB_DisableEvent
                0x0000000008002478       0x3c lib_build/xmc4_scu.o
                0x0000000008002478                XMC_SCU_HIB_DisableEvent
 .text.XMC_SCU_HIB_EnterHibernateState
                0x00000000080024b4       0x34 lib_build/xmc4_scu.o
                0x00000000080024b4                XMC_SCU_HIB_EnterHibernateState
 .text.XMC_SCU_HIB_EnterHibernateStateEx
                0x00000000080024e8       0x1c lib_build/xmc4_scu.o
                0x00000000080024e8                XMC_SCU_HIB_EnterHibernateStateEx
 .text.XMC_SCU_HIB_SetWakeupTriggerInput
                0x0000000008002504       0x50 lib_build/xmc4_scu.o
                0x0000000008002504                XMC_SCU_HIB_SetWakeupTriggerInput
 .text.XMC_SCU_HIB_SetPinMode
                0x0000000008002554       0x54 lib_build/xmc4_scu.o
                0x0000000008002554                XMC_SCU_HIB_SetPinMode
 .text.XMC_SCU_HIB_SetPinOutputLevel
                0x00000000080025a8       0x58 lib_build/xmc4_scu.o
                0x00000000080025a8                XMC_SCU_HIB_SetPinOutputLevel
 .text.XMC_SCU_HIB_SetInput0
                0x0000000008002600       0x50 lib_build/xmc4_scu.o
                0x0000000008002600                XMC_SCU_HIB_SetInput0
 .text.XMC_SCU_HIB_SetSR0Input
                0x0000000008002650       0x40 lib_build/xmc4_scu.o
                0x0000000008002650                XMC_SCU_HIB_SetSR0Input
 .text.XMC_SCU_CLOCK_IsLowPowerOscillatorStable
                0x0000000008002690       0x24 lib_build/xmc4_scu.o
                0x0000000008002690                XMC_SCU_CLOCK_IsLowPowerOscillatorStable
 .text.XMC_SCU_CLOCK_EnableLowPowerOscillator
                0x00000000080026b4       0x6c lib_build/xmc4_scu.o
                0x00000000080026b4                XMC_SCU_CLOCK_EnableLowPowerOscillator
 .text.XMC_SCU_CLOCK_DisableLowPowerOscillator
                0x0000000008002720       0x34 lib_build/xmc4_scu.o
                0x0000000008002720                XMC_SCU_CLOCK_DisableLowPowerOscillator
 .text.XMC_SCU_CLOCK_EnableLowPowerOscillatorGeneralPurposeInput
                0x0000000008002754       0x34 lib_build/xmc4_scu.o
                0x0000000008002754                XMC_SCU_CLOCK_EnableLowPowerOscillatorGeneralPurposeInput
 .text.XMC_SCU_CLOCK_DisableLowPowerOscillatorGeneralPurposeInput
                0x0000000008002788       0x38 lib_build/xmc4_scu.o
                0x0000000008002788                XMC_SCU_CLOCK_DisableLowPowerOscillatorGeneralPurposeInput
 .text.XMC_SCU_CLOCK_GetLowPowerOscillatorGeneralPurposeInputStatus
                0x00000000080027c0       0x1c lib_build/xmc4_scu.o
                0x00000000080027c0                XMC_SCU_CLOCK_GetLowPowerOscillatorGeneralPurposeInputStatus
 .text.XMC_SCU_CLOCK_EnableHighPerformanceOscillator
                0x00000000080027dc       0x50 lib_build/xmc4_scu.o
                0x00000000080027dc                XMC_SCU_CLOCK_EnableHighPerformanceOscillator
 .text.XMC_SCU_CLOCK_IsHighPerformanceOscillatorStable
                0x000000000800282c       0x28 lib_build/xmc4_scu.o
                0x000000000800282c                XMC_SCU_CLOCK_IsHighPerformanceOscillatorStable
 .text.XMC_SCU_CLOCK_DisableHighPerformanceOscillator
                0x0000000008002854       0x20 lib_build/xmc4_scu.o
                0x0000000008002854                XMC_SCU_CLOCK_DisableHighPerformanceOscillator
 .text.XMC_SCU_CLOCK_EnableHighPerformanceOscillatorGeneralPurposeInput
                0x0000000008002874       0x20 lib_build/xmc4_scu.o
                0x0000000008002874                XMC_SCU_CLOCK_EnableHighPerformanceOscillatorGeneralPurposeInput
 .text.XMC_SCU_CLOCK_DisableHighPerformanceOscillatorGeneralPurposeInput
                0x0000000008002894       0x20 lib_build/xmc4_scu.o
                0x0000000008002894                XMC_SCU_CLOCK_DisableHighPerformanceOscillatorGeneralPurposeInput
 .text.XMC_SCU_CLOCK_GetHighPerformanceOscillatorGeneralPurposeInputStatus
                0x00000000080028b4       0x1c lib_build/xmc4_scu.o
                0x00000000080028b4                XMC_SCU_CLOCK_GetHighPerformanceOscillatorGeneralPurposeInputStatus
 .text.XMC_SCU_CLOCK_EnableSystemPll
                0x00000000080028d0       0x24 lib_build/xmc4_scu.o
                0x00000000080028d0                XMC_SCU_CLOCK_EnableSystemPll
 .text.XMC_SCU_CLOCK_DisableSystemPll
                0x00000000080028f4       0x24 lib_build/xmc4_scu.o
                0x00000000080028f4                XMC_SCU_CLOCK_DisableSystemPll
 .text.XMC_SCU_CLOCK_StartSystemPll
                0x0000000008002918      0x178 lib_build/xmc4_scu.o
                0x0000000008002918                XMC_SCU_CLOCK_StartSystemPll
 .text.XMC_SCU_CLOCK_StopSystemPll
                0x0000000008002a90       0x20 lib_build/xmc4_scu.o
                0x0000000008002a90                XMC_SCU_CLOCK_StopSystemPll
 .text.XMC_SCU_CLOCK_StepSystemPllFrequency
                0x0000000008002ab0       0x30 lib_build/xmc4_scu.o
                0x0000000008002ab0                XMC_SCU_CLOCK_StepSystemPllFrequency
 .text.XMC_SCU_CLOCK_IsSystemPllLocked
                0x0000000008002ae0       0x24 lib_build/xmc4_scu.o
                0x0000000008002ae0                XMC_SCU_CLOCK_IsSystemPllLocked
 .text.XMC_SCU_INTERRUPT_SetEventHandler
                0x0000000008002b04       0x58 lib_build/xmc4_scu.o
                0x0000000008002b04                XMC_SCU_INTERRUPT_SetEventHandler
 .text.XMC_SCU_IRQHandler
                0x0000000008002b5c       0x64 lib_build/xmc4_scu.o
                0x0000000008002b5c                XMC_SCU_IRQHandler
 .text          0x0000000008002bc0        0x0 lib_build/startup_XMC4500.o
 .text          0x0000000008002bc0        0x0 lib_build/system_XMC4500.o
 .text.delay    0x0000000008002bc0       0x2c lib_build/system_XMC4500.o
 .text.SystemInit
                0x0000000008002bec       0x24 lib_build/system_XMC4500.o
                0x0000000008002bec                SystemInit
 .text.SystemCoreSetup
                0x0000000008002c10       0x74 lib_build/system_XMC4500.o
                0x0000000008002c10                SystemCoreSetup
 .text.SystemCoreClockSetup
                0x0000000008002c84      0x208 lib_build/system_XMC4500.o
                0x0000000008002c84                SystemCoreClockSetup
 .text.SystemCoreClockUpdate
                0x0000000008002e8c       0xd4 lib_build/system_XMC4500.o
                0x0000000008002e8c                SystemCoreClockUpdate
 .text.OSCHP_GetFrequency
                0x0000000008002f60       0x14 lib_build/system_XMC4500.o
                0x0000000008002f60                OSCHP_GetFrequency
 .text          0x0000000008002f74        0x0 lib_build/syscalls.o
 .text._sbrk    0x0000000008002f74       0x68 lib_build/syscalls.o
                0x0000000008002f74                _sbrk
 .text._init    0x0000000008002fdc        0xe lib_build/syscalls.o
                0x0000000008002fdc                _init
 .text          0x0000000008002fea        0x0 /usr/share/gcc-arm-none-eabi-10.3-2021.10/bin/../lib/gcc/arm-none-eabi/10.3.1/../../../../arm-none-eabi/lib/thumb/v7e-m/nofp/libg.a(lib_a-errno.o)
 *fill*         0x0000000008002fea        0x2 
 .text.__errno  0x0000000008002fec        0xc /usr/share/gcc-arm-none-eabi-10.3-2021.10/bin/../lib/gcc/arm-none-eabi/10.3.1/../../../../arm-none-eabi/lib/thumb/v7e-m/nofp/libg.a(lib_a-errno.o)
                0x0000000008002fec                __errno
 .text          0x0000000008002ff8        0x0 /usr/share/gcc-arm-none-eabi-10.3-2021.10/bin/../lib/gcc/arm-none-eabi/10.3.1/../../../../arm-none-eabi/lib/thumb/v7e-m/nofp/libg.a(lib_a-impure.o)
 .text          0x0000000008002ff8        0x0 /usr/share/gcc-arm-none-eabi-10.3-2021.10/bin/../lib/gcc/arm-none-eabi/10.3.1/../../../../arm-none-eabi/lib/thumb/v7e-m/nofp/libg.a(lib_a-init.o)
 .text.__libc_init_array
                0x0000000008002ff8       0x48 /usr/share/gcc-arm-none-eabi-10.3-2021.10/bin/../lib/gcc/arm-none-eabi/10.3.1/../../../../arm-none-eabi/lib/thumb/v7e-m/nofp/libg.a(lib_a-init.o)
                0x0000000008002ff8                __libc_init_array
 .text          0x0000000008003040        0x0 /usr/share/gcc-arm-none-eabi-10.3-2021.10/bin/../lib/gcc/arm-none-eabi/10.3.1/../../../../arm-none-eabi/lib/thumb/v7e-m/nofp/libg.a(lib_a-malloc.o)
 .text.malloc   0x0000000008003040       0x10 /usr/share/gcc-arm-none-eabi-10.3-2021.10/bin/../lib/gcc/arm-none-eabi/10.3.1/../../../../arm-none-eabi/lib/thumb/v7e-m/nofp/libg.a(lib_a-malloc.o)
                0x0000000008003040                malloc
 .text.free     0x0000000008003050       0x10 /usr/share/gcc-arm-none-eabi-10.3-2021.10/bin/../lib/gcc/arm-none-eabi/10.3.1/../../../../arm-none-eabi/lib/thumb/v7e-m/nofp/libg.a(lib_a-malloc.o)
                0x0000000008003050                free
 .text          0x0000000008003060        0x0 /usr/share/gcc-arm-none-eabi-10.3-2021.10/bin/../lib/gcc/arm-none-eabi/10.3.1/../../../../arm-none-eabi/lib/thumb/v7e-m/nofp/libg.a(lib_a-mallocr.o)
 .text._malloc_r
                0x0000000008003060      0x560 /usr/share/gcc-arm-none-eabi-10.3-2021.10/bin/../lib/gcc/arm-none-eabi/10.3.1/../../../../arm-none-eabi/lib/thumb/v7e-m/nofp/libg.a(lib_a-mallocr.o)
                0x0000000008003060                _malloc_r
 .text          0x00000000080035c0        0x0 /usr/share/gcc-arm-none-eabi-10.3-2021.10/bin/../lib/gcc/arm-none-eabi/10.3.1/../../../../arm-none-eabi/lib/thumb/v7e-m/nofp/libg.a(lib_a-mlock.o)
 .text.__malloc_lock
                0x00000000080035c0        0xc /usr/share/gcc-arm-none-eabi-10.3-2021.10/bin/../lib/gcc/arm-none-eabi/10.3.1/../../../../arm-none-eabi/lib/thumb/v7e-m/nofp/libg.a(lib_a-mlock.o)
                0x00000000080035c0                __malloc_lock
 .text.__malloc_unlock
                0x00000000080035cc        0xc /usr/share/gcc-arm-none-eabi-10.3-2021.10/bin/../lib/gcc/arm-none-eabi/10.3.1/../../../../arm-none-eabi/lib/thumb/v7e-m/nofp/libg.a(lib_a-mlock.o)
                0x00000000080035cc                __malloc_unlock
 .text          0x00000000080035d8        0x0 /usr/share/gcc-arm-none-eabi-10.3-2021.10/bin/../lib/gcc/arm-none-eabi/10.3.1/../../../../arm-none-eabi/lib/thumb/v7e-m/nofp/libg.a(lib_a-sbrkr.o)
 .text._sbrk_r  0x00000000080035d8       0x24 /usr/share/gcc-arm-none-eabi-10.3-2021.10/bin/../lib/gcc/arm-none-eabi/10.3.1/../../../../arm-none-eabi/lib/thumb/v7e-m/nofp/libg.a(lib_a-sbrkr.o)
                0x00000000080035d8                _sbrk_r
 .text          0x00000000080035fc        0x0 /usr/share/gcc-arm-none-eabi-10.3-2021.10/bin/../lib/gcc/arm-none-eabi/10.3.1/../../../../arm-none-eabi/lib/thumb/v7e-m/nofp/libg.a(lib_a-strcat.o)
 .text.strcat   0x00000000080035fc       0x40 /usr/share/gcc-arm-none-eabi-10.3-2021.10/bin/../lib/gcc/arm-none-eabi/10.3.1/../../../../arm-none-eabi/lib/thumb/v7e-m/nofp/libg.a(lib_a-strcat.o)
                0x00000000080035fc                strcat
 .text          0x000000000800363c        0x0 /usr/share/gcc-arm-none-eabi-10.3-2021.10/bin/../lib/gcc/arm-none-eabi/10.3.1/../../../../arm-none-eabi/lib/thumb/v7e-m/nofp/libg.a(lib_a-strcpy.o)
 .text.strcpy   0x000000000800363c       0xbc /usr/share/gcc-arm-none-eabi-10.3-2021.10/bin/../lib/gcc/arm-none-eabi/10.3.1/../../../../arm-none-eabi/lib/thumb/v7e-m/nofp/libg.a(lib_a-strcpy.o)
                0x000000000800363c                strcpy
 *fill*         0x00000000080036f8        0x8 
 .text          0x0000000008003700       0xdc /usr/share/gcc-arm-none-eabi-10.3-2021.10/bin/../lib/gcc/arm-none-eabi/10.3.1/../../../../arm-none-eabi/lib/thumb/v7e-m/nofp/libg.a(lib_a-strlen.o)
                0x0000000008003700                strlen
 .text          0x00000000080037dc        0x0 /usr/share/gcc-arm-none-eabi-10.3-2021.10/bin/../lib/gcc/arm-none-eabi/10.3.1/../../../../arm-none-eabi/lib/thumb/v7e-m/nofp/libg.a(lib_a-freer.o)
 .text._malloc_trim_r
                0x00000000080037dc       0xa0 /usr/share/gcc-arm-none-eabi-10.3-2021.10/bin/../lib/gcc/arm-none-eabi/10.3.1/../../../../arm-none-eabi/lib/thumb/v7e-m/nofp/libg.a(lib_a-freer.o)
                0x00000000080037dc                _malloc_trim_r
 .text._free_r  0x000000000800387c      0x20c /usr/share/gcc-arm-none-eabi-10.3-2021.10/bin/../lib/gcc/arm-none-eabi/10.3.1/../../../../arm-none-eabi/lib/thumb/v7e-m/nofp/libg.a(lib_a-freer.o)
                0x000000000800387c                _free_r
 .text          0x0000000008003a88        0x0 /usr/share/gcc-arm-none-eabi-10.3-2021.10/bin/../lib/gcc/arm-none-eabi/10.3.1/../../../../arm-none-eabi/lib/thumb/v7e-m/nofp/libg.a(lib_a-lock.o)
 .text.__retarget_lock_init
                0x0000000008003a88        0x4 /usr/share/gcc-arm-none-eabi-10.3-2021.10/bin/../lib/gcc/arm-none-eabi/10.3.1/../../../../arm-none-eabi/lib/thumb/v7e-m/nofp/libg.a(lib_a-lock.o)
                0x0000000008003a88                __retarget_lock_init
 .text.__retarget_lock_init_recursive
                0x0000000008003a8c        0x4 /usr/share/gcc-arm-none-eabi-10.3-2021.10/bin/../lib/gcc/arm-none-eabi/10.3.1/../../../../arm-none-eabi/lib/thumb/v7e-m/nofp/libg.a(lib_a-lock.o)
                0x0000000008003a8c                __retarget_lock_init_recursive
 .text.__retarget_lock_close
                0x0000000008003a90        0x4 /usr/share/gcc-arm-none-eabi-10.3-2021.10/bin/../lib/gcc/arm-none-eabi/10.3.1/../../../../arm-none-eabi/lib/thumb/v7e-m/nofp/libg.a(lib_a-lock.o)
                0x0000000008003a90                __retarget_lock_close
 .text.__retarget_lock_close_recursive
                0x0000000008003a94        0x4 /usr/share/gcc-arm-none-eabi-10.3-2021.10/bin/../lib/gcc/arm-none-eabi/10.3.1/../../../../arm-none-eabi/lib/thumb/v7e-m/nofp/libg.a(lib_a-lock.o)
                0x0000000008003a94                __retarget_lock_close_recursive
 .text.__retarget_lock_acquire
                0x0000000008003a98        0x4 /usr/share/gcc-arm-none-eabi-10.3-2021.10/bin/../lib/gcc/arm-none-eabi/10.3.1/../../../../arm-none-eabi/lib/thumb/v7e-m/nofp/libg.a(lib_a-lock.o)
                0x0000000008003a98                __retarget_lock_acquire
 .text.__retarget_lock_acquire_recursive
                0x0000000008003a9c        0x4 /usr/share/gcc-arm-none-eabi-10.3-2021.10/bin/../lib/gcc/arm-none-eabi/10.3.1/../../../../arm-none-eabi/lib/thumb/v7e-m/nofp/libg.a(lib_a-lock.o)
                0x0000000008003a9c                __retarget_lock_acquire_recursive
 .text.__retarget_lock_try_acquire
                0x0000000008003aa0        0x4 /usr/share/gcc-arm-none-eabi-10.3-2021.10/bin/../lib/gcc/arm-none-eabi/10.3.1/../../../../arm-none-eabi/lib/thumb/v7e-m/nofp/libg.a(lib_a-lock.o)
                0x0000000008003aa0                __retarget_lock_try_acquire
 .text.__retarget_lock_try_acquire_recursive
                0x0000000008003aa4        0x4 /usr/share/gcc-arm-none-eabi-10.3-2021.10/bin/../lib/gcc/arm-none-eabi/10.3.1/../../../../arm-none-eabi/lib/thumb/v7e-m/nofp/libg.a(lib_a-lock.o)
                0x0000000008003aa4                __retarget_lock_try_acquire_recursive
 .text.__retarget_lock_release
                0x0000000008003aa8        0x4 /usr/share/gcc-arm-none-eabi-10.3-2021.10/bin/../lib/gcc/arm-none-eabi/10.3.1/../../../../arm-none-eabi/lib/thumb/v7e-m/nofp/libg.a(lib_a-lock.o)
                0x0000000008003aa8                __retarget_lock_release
 .text.__retarget_lock_release_recursive
                0x0000000008003aac        0x4 /usr/share/gcc-arm-none-eabi-10.3-2021.10/bin/../lib/gcc/arm-none-eabi/10.3.1/../../../../arm-none-eabi/lib/thumb/v7e-m/nofp/libg.a(lib_a-lock.o)
                0x0000000008003aac                __retarget_lock_release_recursive
 .text          0x0000000008003ab0        0x0 /usr/share/gcc-arm-none-eabi-10.3-2021.10/bin/../lib/gcc/arm-none-eabi/10.3.1/../../../../arm-none-eabi/lib/thumb/v7e-m/nofp/libg.a(lib_a-reent.o)
 .text.cleanup_glue
                0x0000000008003ab0       0x48 /usr/share/gcc-arm-none-eabi-10.3-2021.10/bin/../lib/gcc/arm-none-eabi/10.3.1/../../../../arm-none-eabi/lib/thumb/v7e-m/nofp/libg.a(lib_a-reent.o)
                0x0000000008003ab0                cleanup_glue
 .text._reclaim_reent
                0x0000000008003af8       0x90 /usr/share/gcc-arm-none-eabi-10.3-2021.10/bin/../lib/gcc/arm-none-eabi/10.3.1/../../../../arm-none-eabi/lib/thumb/v7e-m/nofp/libg.a(lib_a-reent.o)
                0x0000000008003af8                _reclaim_reent
 *(.init)
 *(.fini)
 *crtbegin.o(.ctors)
 *crtbegin?.o(.ctors)
 *(EXCLUDE_FILE(*crtend.o *crtend?.o) .ctors)
 *(SORT_BY_NAME(.ctors.*))
 *(.ctors)
 *crtbegin.o(.dtors)
 *crtbegin?.o(.dtors)
 *(EXCLUDE_FILE(*crtend.o *crtend?.o) .dtors)
 *(SORT_BY_NAME(.dtors.*))
 *(.dtors)
 *(.rodata .rodata.*)
 .rodata        0x0000000008003b88      0x130 build/PartA.o
                0x0000000008003cac                LED_config
 .rodata._global_impure_ptr
                0x0000000008003cb8        0x4 /usr/share/gcc-arm-none-eabi-10.3-2021.10/bin/../lib/gcc/arm-none-eabi/10.3.1/../../../../arm-none-eabi/lib/thumb/v7e-m/nofp/libg.a(lib_a-impure.o)
                0x0000000008003cb8                _global_impure_ptr
 *(.gnu.linkonce.r*)
 *(vtable)
                0x0000000008003cbc                . = ALIGN (0x4)

.glue_7         0x0000000008003cbc        0x0 load address 0x000000000c003cbc
 .glue_7        0x0000000008003cbc        0x0 linker stubs

.glue_7t        0x0000000008003cbc        0x0 load address 0x000000000c003cbc
 .glue_7t       0x0000000008003cbc        0x0 linker stubs

.vfp11_veneer   0x0000000008003cbc        0x0 load address 0x000000000c003cbc
 .vfp11_veneer  0x0000000008003cbc        0x0 linker stubs

.v4_bx          0x0000000008003cbc        0x0 load address 0x000000000c003cbc
 .v4_bx         0x0000000008003cbc        0x0 linker stubs

.iplt           0x0000000008003cbc        0x0 load address 0x000000000c003cbc
 .iplt          0x0000000008003cbc        0x0 build/PartA.o

.rel.dyn        0x0000000008003cbc        0x0 load address 0x000000000c003cbc
 .rel.iplt      0x0000000008003cbc        0x0 build/PartA.o

.eh_frame_hdr
 *(.eh_frame_hdr)

.eh_frame
 *(.eh_frame)

.ARM.extab
 *(.ARM.extab* .gnu.linkonce.armextab.*)
                0x0000000008003cbc                . = ALIGN (0x4)
                0x0000000008003cbc                __exidx_start = .

.ARM.exidx
 *(.ARM.exidx* .gnu.linkonce.armexidx.*)
                0x0000000008003cbc                __exidx_end = .
                0x0000000008003cbc                . = ALIGN (0x4)

Stack           0x0000000010000000      0x800
                0x0000000010000000                __stack_start = .
                0x0000000010000800                . = (. + stack_size)
 *fill*         0x0000000010000000      0x800 
                0x0000000010000800                __stack_end = .
                0x0000000010000800                __initial_sp = .

.ram_code       0x0000000010000800        0x0 load address 0x000000000c003cbc
                0x0000000010000800                . = ALIGN (0x4)
                0x0000000010000800                __ram_code_start = .
 *(.ram_code)
                0x0000000010000800                . = ALIGN (0x4)
                0x0000000010000800                __ram_code_end = .
                0x000000000c003cbc                __ram_code_load = LOADADDR (.ram_code)
                0x0000000000000000                __ram_code_size = (__ram_code_end - __ram_code_start)

PSRAM_DATA      0x0000000010000800        0x0 load address 0x000000000c003cbc
                0x0000000010000800                . = ALIGN (0x4)
                0x0000000010000800                __data3_start = .
 *(PSRAM_DATA)
                0x0000000010000800                . = ALIGN (0x4)
                0x0000000010000800                __data3_end = .
                0x000000000c003cbc                __data3_load = LOADADDR (PSRAM_DATA)
                0x0000000000000000                __data3_size = (__data3_end - __data3_start)

PSRAM_BSS       0x0000000010000800        0x0 load address 0x000000000c003cbc
                0x0000000010000800                . = ALIGN (0x4)
                0x0000000010000800                __bss3_start = .
 *(PSRAM_BSS)
                0x0000000010000800                . = ALIGN (0x4)
                0x0000000010000800                __bss3_end = .
                0x0000000010000800                . = ALIGN (0x8)
                0x0000000010000800                Heap_Bank3_Start = .
                0x0000000000000000                __bss3_size = (__bss3_end - __bss3_start)

.data           0x0000000020000000      0x8e0 load address 0x000000000c003cbc
                0x0000000020000000                . = ALIGN (0x4)
                0x0000000020000000                __data_start = .
 *(.data)
 .data          0x0000000020000000       0xa0 build/PartA.o
                0x0000000020000088                char_len
                0x000000002000008c                user_input
                0x0000000020000090                output_str
                0x0000000020000094                pause_ticks
                0x0000000020000098                CCU_compare_config
 .data          0x00000000200000a0        0x0 lib_build/xmc_gpio.o
 .data          0x00000000200000a0        0x0 lib_build/xmc4_gpio.o
 .data          0x00000000200000a0        0x0 lib_build/xmc_ccu4.o
 .data          0x00000000200000a0        0x0 lib_build/xmc4_scu.o
 .data          0x00000000200000a0        0x0 lib_build/startup_XMC4500.o
 .data          0x00000000200000a0        0x0 lib_build/system_XMC4500.o
 .data          0x00000000200000a0        0x0 lib_build/syscalls.o
 .data          0x00000000200000a0        0x0 /usr/share/gcc-arm-none-eabi-10.3-2021.10/bin/../lib/gcc/arm-none-eabi/10.3.1/../../../../arm-none-eabi/lib/thumb/v7e-m/nofp/libg.a(lib_a-errno.o)
 .data          0x00000000200000a0        0x0 /usr/share/gcc-arm-none-eabi-10.3-2021.10/bin/../lib/gcc/arm-none-eabi/10.3.1/../../../../arm-none-eabi/lib/thumb/v7e-m/nofp/libg.a(lib_a-impure.o)
 .data          0x00000000200000a0        0x0 /usr/share/gcc-arm-none-eabi-10.3-2021.10/bin/../lib/gcc/arm-none-eabi/10.3.1/../../../../arm-none-eabi/lib/thumb/v7e-m/nofp/libg.a(lib_a-init.o)
 .data          0x00000000200000a0        0x0 /usr/share/gcc-arm-none-eabi-10.3-2021.10/bin/../lib/gcc/arm-none-eabi/10.3.1/../../../../arm-none-eabi/lib/thumb/v7e-m/nofp/libg.a(lib_a-malloc.o)
 .data          0x00000000200000a0        0x0 /usr/share/gcc-arm-none-eabi-10.3-2021.10/bin/../lib/gcc/arm-none-eabi/10.3.1/../../../../arm-none-eabi/lib/thumb/v7e-m/nofp/libg.a(lib_a-mallocr.o)
 .data          0x00000000200000a0        0x0 /usr/share/gcc-arm-none-eabi-10.3-2021.10/bin/../lib/gcc/arm-none-eabi/10.3.1/../../../../arm-none-eabi/lib/thumb/v7e-m/nofp/libg.a(lib_a-mlock.o)
 .data          0x00000000200000a0        0x0 /usr/share/gcc-arm-none-eabi-10.3-2021.10/bin/../lib/gcc/arm-none-eabi/10.3.1/../../../../arm-none-eabi/lib/thumb/v7e-m/nofp/libg.a(lib_a-sbrkr.o)
 .data          0x00000000200000a0        0x0 /usr/share/gcc-arm-none-eabi-10.3-2021.10/bin/../lib/gcc/arm-none-eabi/10.3.1/../../../../arm-none-eabi/lib/thumb/v7e-m/nofp/libg.a(lib_a-strcat.o)
 .data          0x00000000200000a0        0x0 /usr/share/gcc-arm-none-eabi-10.3-2021.10/bin/../lib/gcc/arm-none-eabi/10.3.1/../../../../arm-none-eabi/lib/thumb/v7e-m/nofp/libg.a(lib_a-strcpy.o)
 .data          0x00000000200000a0        0x0 /usr/share/gcc-arm-none-eabi-10.3-2021.10/bin/../lib/gcc/arm-none-eabi/10.3.1/../../../../arm-none-eabi/lib/thumb/v7e-m/nofp/libg.a(lib_a-strlen.o)
 .data          0x00000000200000a0        0x0 /usr/share/gcc-arm-none-eabi-10.3-2021.10/bin/../lib/gcc/arm-none-eabi/10.3.1/../../../../arm-none-eabi/lib/thumb/v7e-m/nofp/libg.a(lib_a-freer.o)
 .data          0x00000000200000a0        0x0 /usr/share/gcc-arm-none-eabi-10.3-2021.10/bin/../lib/gcc/arm-none-eabi/10.3.1/../../../../arm-none-eabi/lib/thumb/v7e-m/nofp/libg.a(lib_a-lock.o)
 .data          0x00000000200000a0        0x0 /usr/share/gcc-arm-none-eabi-10.3-2021.10/bin/../lib/gcc/arm-none-eabi/10.3.1/../../../../arm-none-eabi/lib/thumb/v7e-m/nofp/libg.a(lib_a-reent.o)
 *(.data*)
 .data._impure_ptr
                0x00000000200000a0        0x4 /usr/share/gcc-arm-none-eabi-10.3-2021.10/bin/../lib/gcc/arm-none-eabi/10.3.1/../../../../arm-none-eabi/lib/thumb/v7e-m/nofp/libg.a(lib_a-impure.o)
                0x00000000200000a0                _impure_ptr
 *fill*         0x00000000200000a4        0x4 
 .data.impure_data
                0x00000000200000a8      0x428 /usr/share/gcc-arm-none-eabi-10.3-2021.10/bin/../lib/gcc/arm-none-eabi/10.3.1/../../../../arm-none-eabi/lib/thumb/v7e-m/nofp/libg.a(lib_a-impure.o)
 .data.__malloc_av_
                0x00000000200004d0      0x408 /usr/share/gcc-arm-none-eabi-10.3-2021.10/bin/../lib/gcc/arm-none-eabi/10.3.1/../../../../arm-none-eabi/lib/thumb/v7e-m/nofp/libg.a(lib_a-mallocr.o)
                0x00000000200004d0                __malloc_av_
 .data.__malloc_sbrk_base
                0x00000000200008d8        0x4 /usr/share/gcc-arm-none-eabi-10.3-2021.10/bin/../lib/gcc/arm-none-eabi/10.3.1/../../../../arm-none-eabi/lib/thumb/v7e-m/nofp/libg.a(lib_a-mallocr.o)
                0x00000000200008d8                __malloc_sbrk_base
 .data.__malloc_trim_threshold
                0x00000000200008dc        0x4 /usr/share/gcc-arm-none-eabi-10.3-2021.10/bin/../lib/gcc/arm-none-eabi/10.3.1/../../../../arm-none-eabi/lib/thumb/v7e-m/nofp/libg.a(lib_a-mallocr.o)
                0x00000000200008dc                __malloc_trim_threshold
 *(*.data)
 *(.gnu.linkonce.d*)
                0x00000000200008e0                . = ALIGN (0x4)
                0x00000000200008e0                PROVIDE (__preinit_array_start = .)
 *(.preinit_array)
                0x00000000200008e0                PROVIDE (__preinit_array_end = .)
                0x00000000200008e0                . = ALIGN (0x4)
                0x00000000200008e0                PROVIDE (__init_array_start = .)
 *(SORT_BY_NAME(.init_array.*))
 *(.init_array)
                0x00000000200008e0                PROVIDE (__init_array_end = .)
                0x00000000200008e0                . = ALIGN (0x4)
                [!provide]                        PROVIDE (__fini_array_start = .)
 *(SORT_BY_NAME(.fini_array.*))
 *(.fini_array)
                [!provide]                        PROVIDE (__fini_array_end = .)
                0x00000000200008e0                . = ALIGN (0x4)
                0x00000000200008e0                __data_end = .
                0x000000000c003cbc                __data_load = LOADADDR (.data)
                0x00000000000008e0                __data_size = (__data_end - __data_start)

.igot.plt       0x00000000200008e0        0x0 load address 0x000000000c00459c
 .igot.plt      0x00000000200008e0        0x0 build/PartA.o

.bss            0x00000000200008e0       0xf0 load address 0x000000000c00459c
                0x00000000200008e0                . = ALIGN (0x4)
                0x00000000200008e0                __bss_start = .
 *(.bss)
 .bss           0x00000000200008e0        0xc build/PartA.o
                0x00000000200008e0                lookuptable_counter
                0x00000000200008e4                str_len
                0x00000000200008e8                str_counter
 .bss           0x00000000200008ec        0x0 lib_build/xmc_gpio.o
 .bss           0x00000000200008ec        0x0 lib_build/xmc4_gpio.o
 .bss           0x00000000200008ec        0x0 lib_build/xmc_ccu4.o
 .bss           0x00000000200008ec       0x80 lib_build/xmc4_scu.o
                0x00000000200008ec                event_handler_list
 .bss           0x000000002000096c        0x0 lib_build/startup_XMC4500.o
 .bss           0x000000002000096c        0x0 lib_build/system_XMC4500.o
 .bss           0x000000002000096c        0x8 lib_build/syscalls.o
                0x000000002000096c                __dso_handle
 .bss           0x0000000020000974        0x0 /usr/share/gcc-arm-none-eabi-10.3-2021.10/bin/../lib/gcc/arm-none-eabi/10.3.1/../../../../arm-none-eabi/lib/thumb/v7e-m/nofp/libg.a(lib_a-errno.o)
 .bss           0x0000000020000974        0x0 /usr/share/gcc-arm-none-eabi-10.3-2021.10/bin/../lib/gcc/arm-none-eabi/10.3.1/../../../../arm-none-eabi/lib/thumb/v7e-m/nofp/libg.a(lib_a-impure.o)
 .bss           0x0000000020000974        0x0 /usr/share/gcc-arm-none-eabi-10.3-2021.10/bin/../lib/gcc/arm-none-eabi/10.3.1/../../../../arm-none-eabi/lib/thumb/v7e-m/nofp/libg.a(lib_a-init.o)
 .bss           0x0000000020000974        0x0 /usr/share/gcc-arm-none-eabi-10.3-2021.10/bin/../lib/gcc/arm-none-eabi/10.3.1/../../../../arm-none-eabi/lib/thumb/v7e-m/nofp/libg.a(lib_a-malloc.o)
 .bss           0x0000000020000974        0x0 /usr/share/gcc-arm-none-eabi-10.3-2021.10/bin/../lib/gcc/arm-none-eabi/10.3.1/../../../../arm-none-eabi/lib/thumb/v7e-m/nofp/libg.a(lib_a-mallocr.o)
 .bss           0x0000000020000974        0x0 /usr/share/gcc-arm-none-eabi-10.3-2021.10/bin/../lib/gcc/arm-none-eabi/10.3.1/../../../../arm-none-eabi/lib/thumb/v7e-m/nofp/libg.a(lib_a-mlock.o)
 .bss           0x0000000020000974        0x0 /usr/share/gcc-arm-none-eabi-10.3-2021.10/bin/../lib/gcc/arm-none-eabi/10.3.1/../../../../arm-none-eabi/lib/thumb/v7e-m/nofp/libg.a(lib_a-sbrkr.o)
 .bss           0x0000000020000974        0x0 /usr/share/gcc-arm-none-eabi-10.3-2021.10/bin/../lib/gcc/arm-none-eabi/10.3.1/../../../../arm-none-eabi/lib/thumb/v7e-m/nofp/libg.a(lib_a-strcat.o)
 .bss           0x0000000020000974        0x0 /usr/share/gcc-arm-none-eabi-10.3-2021.10/bin/../lib/gcc/arm-none-eabi/10.3.1/../../../../arm-none-eabi/lib/thumb/v7e-m/nofp/libg.a(lib_a-strcpy.o)
 .bss           0x0000000020000974        0x0 /usr/share/gcc-arm-none-eabi-10.3-2021.10/bin/../lib/gcc/arm-none-eabi/10.3.1/../../../../arm-none-eabi/lib/thumb/v7e-m/nofp/libg.a(lib_a-strlen.o)
 .bss           0x0000000020000974        0x0 /usr/share/gcc-arm-none-eabi-10.3-2021.10/bin/../lib/gcc/arm-none-eabi/10.3.1/../../../../arm-none-eabi/lib/thumb/v7e-m/nofp/libg.a(lib_a-freer.o)
 .bss           0x0000000020000974        0x0 /usr/share/gcc-arm-none-eabi-10.3-2021.10/bin/../lib/gcc/arm-none-eabi/10.3.1/../../../../arm-none-eabi/lib/thumb/v7e-m/nofp/libg.a(lib_a-lock.o)
 .bss           0x0000000020000974        0x0 /usr/share/gcc-arm-none-eabi-10.3-2021.10/bin/../lib/gcc/arm-none-eabi/10.3.1/../../../../arm-none-eabi/lib/thumb/v7e-m/nofp/libg.a(lib_a-reent.o)
 *(.bss*)
 .bss.__malloc_current_mallinfo
                0x0000000020000974       0x28 /usr/share/gcc-arm-none-eabi-10.3-2021.10/bin/../lib/gcc/arm-none-eabi/10.3.1/../../../../arm-none-eabi/lib/thumb/v7e-m/nofp/libg.a(lib_a-mallocr.o)
                0x0000000020000974                __malloc_current_mallinfo
 .bss.__malloc_max_sbrked_mem
                0x000000002000099c        0x4 /usr/share/gcc-arm-none-eabi-10.3-2021.10/bin/../lib/gcc/arm-none-eabi/10.3.1/../../../../arm-none-eabi/lib/thumb/v7e-m/nofp/libg.a(lib_a-mallocr.o)
                0x000000002000099c                __malloc_max_sbrked_mem
 .bss.__malloc_max_total_mem
                0x00000000200009a0        0x4 /usr/share/gcc-arm-none-eabi-10.3-2021.10/bin/../lib/gcc/arm-none-eabi/10.3.1/../../../../arm-none-eabi/lib/thumb/v7e-m/nofp/libg.a(lib_a-mallocr.o)
                0x00000000200009a0                __malloc_max_total_mem
 .bss.__malloc_top_pad
                0x00000000200009a4        0x4 /usr/share/gcc-arm-none-eabi-10.3-2021.10/bin/../lib/gcc/arm-none-eabi/10.3.1/../../../../arm-none-eabi/lib/thumb/v7e-m/nofp/libg.a(lib_a-mallocr.o)
                0x00000000200009a4                __malloc_top_pad
 .bss.__lock___arc4random_mutex
                0x00000000200009a8        0x1 /usr/share/gcc-arm-none-eabi-10.3-2021.10/bin/../lib/gcc/arm-none-eabi/10.3.1/../../../../arm-none-eabi/lib/thumb/v7e-m/nofp/libg.a(lib_a-lock.o)
                0x00000000200009a8                __lock___arc4random_mutex
 *fill*         0x00000000200009a9        0x3 
 .bss.__lock___at_quick_exit_mutex
                0x00000000200009ac        0x1 /usr/share/gcc-arm-none-eabi-10.3-2021.10/bin/../lib/gcc/arm-none-eabi/10.3.1/../../../../arm-none-eabi/lib/thumb/v7e-m/nofp/libg.a(lib_a-lock.o)
                0x00000000200009ac                __lock___at_quick_exit_mutex
 *fill*         0x00000000200009ad        0x3 
 .bss.__lock___atexit_recursive_mutex
                0x00000000200009b0        0x1 /usr/share/gcc-arm-none-eabi-10.3-2021.10/bin/../lib/gcc/arm-none-eabi/10.3.1/../../../../arm-none-eabi/lib/thumb/v7e-m/nofp/libg.a(lib_a-lock.o)
                0x00000000200009b0                __lock___atexit_recursive_mutex
 *fill*         0x00000000200009b1        0x3 
 .bss.__lock___dd_hash_mutex
                0x00000000200009b4        0x1 /usr/share/gcc-arm-none-eabi-10.3-2021.10/bin/../lib/gcc/arm-none-eabi/10.3.1/../../../../arm-none-eabi/lib/thumb/v7e-m/nofp/libg.a(lib_a-lock.o)
                0x00000000200009b4                __lock___dd_hash_mutex
 *fill*         0x00000000200009b5        0x3 
 .bss.__lock___env_recursive_mutex
                0x00000000200009b8        0x1 /usr/share/gcc-arm-none-eabi-10.3-2021.10/bin/../lib/gcc/arm-none-eabi/10.3.1/../../../../arm-none-eabi/lib/thumb/v7e-m/nofp/libg.a(lib_a-lock.o)
                0x00000000200009b8                __lock___env_recursive_mutex
 *fill*         0x00000000200009b9        0x3 
 .bss.__lock___malloc_recursive_mutex
                0x00000000200009bc        0x1 /usr/share/gcc-arm-none-eabi-10.3-2021.10/bin/../lib/gcc/arm-none-eabi/10.3.1/../../../../arm-none-eabi/lib/thumb/v7e-m/nofp/libg.a(lib_a-lock.o)
                0x00000000200009bc                __lock___malloc_recursive_mutex
 *fill*         0x00000000200009bd        0x3 
 .bss.__lock___sfp_recursive_mutex
                0x00000000200009c0        0x1 /usr/share/gcc-arm-none-eabi-10.3-2021.10/bin/../lib/gcc/arm-none-eabi/10.3.1/../../../../arm-none-eabi/lib/thumb/v7e-m/nofp/libg.a(lib_a-lock.o)
                0x00000000200009c0                __lock___sfp_recursive_mutex
 *fill*         0x00000000200009c1        0x3 
 .bss.__lock___sinit_recursive_mutex
                0x00000000200009c4        0x1 /usr/share/gcc-arm-none-eabi-10.3-2021.10/bin/../lib/gcc/arm-none-eabi/10.3.1/../../../../arm-none-eabi/lib/thumb/v7e-m/nofp/libg.a(lib_a-lock.o)
                0x00000000200009c4                __lock___sinit_recursive_mutex
 *fill*         0x00000000200009c5        0x3 
 .bss.__lock___tz_mutex
                0x00000000200009c8        0x1 /usr/share/gcc-arm-none-eabi-10.3-2021.10/bin/../lib/gcc/arm-none-eabi/10.3.1/../../../../arm-none-eabi/lib/thumb/v7e-m/nofp/libg.a(lib_a-lock.o)
                0x00000000200009c8                __lock___tz_mutex
 *fill*         0x00000000200009c9        0x3 
 .bss.errno     0x00000000200009cc        0x4 /usr/share/gcc-arm-none-eabi-10.3-2021.10/bin/../lib/gcc/arm-none-eabi/10.3.1/../../../../arm-none-eabi/lib/thumb/v7e-m/nofp/libg.a(lib_a-reent.o)
                0x00000000200009cc                errno
 *(COMMON)
 *(.gnu.linkonce.b*)
                0x00000000200009d0                . = ALIGN (0x4)
                0x00000000200009d0                __bss_end = .
                0x00000000200009d0                . = ALIGN (0x8)
                0x00000000200009d0                Heap_Bank1_Start = .
                0x00000000000000f0                __bss_size = (__bss_end - __bss_start)

.no_init        0x000000002000ffc0       0x14
                0x000000002000ffc0                Heap_Bank1_End = .
 *(.no_init)
 .no_init       0x000000002000ffc0       0x14 lib_build/system_XMC4500.o
                0x000000002000ffc0                SystemCoreClock
                0x000000002000ffc4                g_chipid

DSRAM2_DATA     0x0000000030000000        0x0 load address 0x000000000c00459c
                0x0000000030000000                . = ALIGN (0x4)
                0x0000000030000000                __data2_start = .
 *(DSRAM2_DATA)
                0x0000000030000000                . = ALIGN (0x4)
                0x0000000030000000                __data2_end = .
                0x000000000c00459c                __data2_load = LOADADDR (DSRAM2_DATA)
                0x0000000000000000                __data2_size = (__data2_end - __data2_start)
                0x000000000000459c                __text_size = (((((__exidx_end - sText) + __data_size) + __ram_code_size) + __data2_size) + __data3_size)
                0x000000000800459c                eText = (sText + __text_size)

DSRAM2_BSS      0x0000000030000000        0x0 load address 0x000000000c00459c
                0x0000000030000000                . = ALIGN (0x4)
                0x0000000030000000                __bss2_start = .
 *(ETH_RAM)
 *(USB_RAM)
 *(DSRAM2_BSS)
                0x0000000030000000                . = ALIGN (0x4)
                0x0000000030000000                __bss2_end = .
                0x0000000030000000                . = ALIGN (0x8)
                0x0000000030000000                Heap_Bank2_Start = .
                0x0000000000000000                __bss2_size = (__bss2_end - __bss2_start)
                0x000000000000f5f0                Heap_Bank1_Size = (Heap_Bank1_End - Heap_Bank1_Start)
                0x0000000000008000                Heap_Bank2_Size = (LENGTH (DSRAM_2_comm) - (Heap_Bank2_Start - ORIGIN (DSRAM_2_comm)))
                0x000000000000f800                Heap_Bank3_Size = (LENGTH (PSRAM_1) - (Heap_Bank3_Start - ORIGIN (PSRAM_1)))
                0x0000000000000001                ASSERT ((Heap_Bank1_Start <= Heap_Bank1_End), region SRAM_combined overflowed no_init section)

/DISCARD/
 *(.comment)

.stab
 *(.stab)

.stabstr
 *(.stabstr)

.debug
 *(.debug)

.line
 *(.line)

.debug_srcinfo
 *(.debug_srcinfo)

.debug_sfnames
 *(.debug_sfnames)

.debug_aranges  0x0000000000000000      0x628
 *(.debug_aranges)
 .debug_aranges
                0x0000000000000000       0x78 build/PartA.o
 .debug_aranges
                0x0000000000000078       0x28 lib_build/xmc_gpio.o
 .debug_aranges
                0x00000000000000a0       0x28 lib_build/xmc4_gpio.o
 .debug_aranges
                0x00000000000000c8      0x128 lib_build/xmc_ccu4.o
 .debug_aranges
                0x00000000000001f0      0x3c8 lib_build/xmc4_scu.o
 .debug_aranges
                0x00000000000005b8       0x48 lib_build/system_XMC4500.o
 .debug_aranges
                0x0000000000000600       0x28 lib_build/syscalls.o

.debug_pubnames
 *(.debug_pubnames)

.debug_pubtypes
 *(.debug_pubtypes)

.debug_info     0x0000000000000000     0x5cae
 *(.debug_info .gnu.linkonce.wi.*)
 .debug_info    0x0000000000000000     0x1108 build/PartA.o
 .debug_info    0x0000000000001108      0x397 lib_build/xmc_gpio.o
 .debug_info    0x000000000000149f      0x42d lib_build/xmc4_gpio.o
 .debug_info    0x00000000000018cc     0x16fa lib_build/xmc_ccu4.o
 .debug_info    0x0000000000002fc6     0x22a0 lib_build/xmc4_scu.o
 .debug_info    0x0000000000005266      0x927 lib_build/system_XMC4500.o
 .debug_info    0x0000000000005b8d      0x121 lib_build/syscalls.o

.debug_abbrev   0x0000000000000000      0xcea
 *(.debug_abbrev)
 .debug_abbrev  0x0000000000000000      0x2e1 build/PartA.o
 .debug_abbrev  0x00000000000002e1      0x130 lib_build/xmc_gpio.o
 .debug_abbrev  0x0000000000000411      0x130 lib_build/xmc4_gpio.o
 .debug_abbrev  0x0000000000000541      0x239 lib_build/xmc_ccu4.o
 .debug_abbrev  0x000000000000077a      0x2cb lib_build/xmc4_scu.o
 .debug_abbrev  0x0000000000000a45      0x1d9 lib_build/system_XMC4500.o
 .debug_abbrev  0x0000000000000c1e       0xcc lib_build/syscalls.o

.debug_line     0x0000000000000000     0x3ca7
 *(.debug_line)
 .debug_line    0x0000000000000000      0x6b7 build/PartA.o
 .debug_line    0x00000000000006b7      0x475 lib_build/xmc_gpio.o
 .debug_line    0x0000000000000b2c      0x4eb lib_build/xmc4_gpio.o
 .debug_line    0x0000000000001017      0xaca lib_build/xmc_ccu4.o
 .debug_line    0x0000000000001ae1     0x182a lib_build/xmc4_scu.o
 .debug_line    0x000000000000330b      0x63c lib_build/system_XMC4500.o
 .debug_line    0x0000000000003947      0x360 lib_build/syscalls.o

.debug_frame    0x0000000000000000     0x1ce8
 *(.debug_frame)
 .debug_frame   0x0000000000000000      0x1d8 build/PartA.o
 .debug_frame   0x00000000000001d8       0x60 lib_build/xmc_gpio.o
 .debug_frame   0x0000000000000238       0x60 lib_build/xmc4_gpio.o
 .debug_frame   0x0000000000000298      0x548 lib_build/xmc_ccu4.o
 .debug_frame   0x00000000000007e0     0x10c8 lib_build/xmc4_scu.o
 .debug_frame   0x00000000000018a8       0xe0 lib_build/system_XMC4500.o
 .debug_frame   0x0000000000001988       0x54 lib_build/syscalls.o
 .debug_frame   0x00000000000019dc       0x20 /usr/share/gcc-arm-none-eabi-10.3-2021.10/bin/../lib/gcc/arm-none-eabi/10.3.1/../../../../arm-none-eabi/lib/thumb/v7e-m/nofp/libg.a(lib_a-errno.o)
 .debug_frame   0x00000000000019fc       0x2c /usr/share/gcc-arm-none-eabi-10.3-2021.10/bin/../lib/gcc/arm-none-eabi/10.3.1/../../../../arm-none-eabi/lib/thumb/v7e-m/nofp/libg.a(lib_a-init.o)
 .debug_frame   0x0000000000001a28       0x30 /usr/share/gcc-arm-none-eabi-10.3-2021.10/bin/../lib/gcc/arm-none-eabi/10.3.1/../../../../arm-none-eabi/lib/thumb/v7e-m/nofp/libg.a(lib_a-malloc.o)
 .debug_frame   0x0000000000001a58       0x4c /usr/share/gcc-arm-none-eabi-10.3-2021.10/bin/../lib/gcc/arm-none-eabi/10.3.1/../../../../arm-none-eabi/lib/thumb/v7e-m/nofp/libg.a(lib_a-mallocr.o)
 .debug_frame   0x0000000000001aa4       0x30 /usr/share/gcc-arm-none-eabi-10.3-2021.10/bin/../lib/gcc/arm-none-eabi/10.3.1/../../../../arm-none-eabi/lib/thumb/v7e-m/nofp/libg.a(lib_a-mlock.o)
 .debug_frame   0x0000000000001ad4       0x2c /usr/share/gcc-arm-none-eabi-10.3-2021.10/bin/../lib/gcc/arm-none-eabi/10.3.1/../../../../arm-none-eabi/lib/thumb/v7e-m/nofp/libg.a(lib_a-sbrkr.o)
 .debug_frame   0x0000000000001b00       0x28 /usr/share/gcc-arm-none-eabi-10.3-2021.10/bin/../lib/gcc/arm-none-eabi/10.3.1/../../../../arm-none-eabi/lib/thumb/v7e-m/nofp/libg.a(lib_a-strcat.o)
 .debug_frame   0x0000000000001b28       0x20 /usr/share/gcc-arm-none-eabi-10.3-2021.10/bin/../lib/gcc/arm-none-eabi/10.3.1/../../../../arm-none-eabi/lib/thumb/v7e-m/nofp/libg.a(lib_a-strcpy.o)
 .debug_frame   0x0000000000001b48       0x8c /usr/share/gcc-arm-none-eabi-10.3-2021.10/bin/../lib/gcc/arm-none-eabi/10.3.1/../../../../arm-none-eabi/lib/thumb/v7e-m/nofp/libg.a(lib_a-freer.o)
 .debug_frame   0x0000000000001bd4       0xb0 /usr/share/gcc-arm-none-eabi-10.3-2021.10/bin/../lib/gcc/arm-none-eabi/10.3.1/../../../../arm-none-eabi/lib/thumb/v7e-m/nofp/libg.a(lib_a-lock.o)
 .debug_frame   0x0000000000001c84       0x64 /usr/share/gcc-arm-none-eabi-10.3-2021.10/bin/../lib/gcc/arm-none-eabi/10.3.1/../../../../arm-none-eabi/lib/thumb/v7e-m/nofp/libg.a(lib_a-reent.o)

.debug_str      0x0000000000000000    0x7c19a
 *(.debug_str)
 .debug_str     0x0000000000000000    0x76c24 build/PartA.o
                                      0x76ef1 (size before relaxing)
 .debug_str     0x0000000000076c24      0x130 lib_build/xmc_gpio.o
                                      0x73593 (size before relaxing)
 .debug_str     0x0000000000076d54       0x9e lib_build/xmc4_gpio.o
                                      0x73718 (size before relaxing)
 .debug_str     0x0000000000076df2     0x21d5 lib_build/xmc_ccu4.o
                                      0x73439 (size before relaxing)
 .debug_str     0x0000000000078fc7     0x20fe lib_build/xmc4_scu.o
                                      0x71fa5 (size before relaxing)
 .debug_str     0x000000000007b0c5      0xbcd lib_build/system_XMC4500.o
                                      0x6fe1d (size before relaxing)
 .debug_str     0x000000000007bc92      0x508 lib_build/syscalls.o
                                       0x75e8 (size before relaxing)

.debug_loc      0x0000000000000000     0x388c
 *(.debug_loc)
 .debug_loc     0x0000000000000000      0x3f0 build/PartA.o
 .debug_loc     0x00000000000003f0       0xb8 lib_build/xmc_gpio.o
 .debug_loc     0x00000000000004a8       0xb8 lib_build/xmc4_gpio.o
 .debug_loc     0x0000000000000560      0xbf0 lib_build/xmc_ccu4.o
 .debug_loc     0x0000000000001150     0x2504 lib_build/xmc4_scu.o
 .debug_loc     0x0000000000003654      0x1a4 lib_build/system_XMC4500.o
 .debug_loc     0x00000000000037f8       0x94 lib_build/syscalls.o

.debug_macinfo
 *(.debug_macinfo)

.debug_ranges   0x0000000000000000      0x5b8
 *(.debug_ranges)
 .debug_ranges  0x0000000000000000       0x68 build/PartA.o
 .debug_ranges  0x0000000000000068       0x18 lib_build/xmc_gpio.o
 .debug_ranges  0x0000000000000080       0x18 lib_build/xmc4_gpio.o
 .debug_ranges  0x0000000000000098      0x118 lib_build/xmc_ccu4.o
 .debug_ranges  0x00000000000001b0      0x3b8 lib_build/xmc4_scu.o
 .debug_ranges  0x0000000000000568       0x38 lib_build/system_XMC4500.o
 .debug_ranges  0x00000000000005a0       0x18 lib_build/syscalls.o

.debug_weaknames
 *(.debug_weaknames)

.debug_funcnames
 *(.debug_funcnames)

.debug_typenames
 *(.debug_typenames)

.debug_varnames
 *(.debug_varnames)

.build_attributes
                0x0000000000000000      0x3c2
 *(.ARM.attributes)
 .ARM.attributes
                0x0000000000000000       0x32 build/PartA.o
 .ARM.attributes
                0x0000000000000032       0x32 lib_build/xmc_gpio.o
 .ARM.attributes
                0x0000000000000064       0x32 lib_build/xmc4_gpio.o
 .ARM.attributes
                0x0000000000000096       0x32 lib_build/xmc_ccu4.o
 .ARM.attributes
                0x00000000000000c8       0x32 lib_build/xmc4_scu.o
 .ARM.attributes
                0x00000000000000fa       0x20 lib_build/startup_XMC4500.o
 .ARM.attributes
                0x000000000000011a       0x32 lib_build/system_XMC4500.o
 .ARM.attributes
                0x000000000000014c       0x32 lib_build/syscalls.o
 .ARM.attributes
                0x000000000000017e       0x2e /usr/share/gcc-arm-none-eabi-10.3-2021.10/bin/../lib/gcc/arm-none-eabi/10.3.1/../../../../arm-none-eabi/lib/thumb/v7e-m/nofp/libg.a(lib_a-errno.o)
 .ARM.attributes
                0x00000000000001ac       0x2e /usr/share/gcc-arm-none-eabi-10.3-2021.10/bin/../lib/gcc/arm-none-eabi/10.3.1/../../../../arm-none-eabi/lib/thumb/v7e-m/nofp/libg.a(lib_a-impure.o)
 .ARM.attributes
                0x00000000000001da       0x2e /usr/share/gcc-arm-none-eabi-10.3-2021.10/bin/../lib/gcc/arm-none-eabi/10.3.1/../../../../arm-none-eabi/lib/thumb/v7e-m/nofp/libg.a(lib_a-init.o)
 .ARM.attributes
                0x0000000000000208       0x2e /usr/share/gcc-arm-none-eabi-10.3-2021.10/bin/../lib/gcc/arm-none-eabi/10.3.1/../../../../arm-none-eabi/lib/thumb/v7e-m/nofp/libg.a(lib_a-malloc.o)
 .ARM.attributes
                0x0000000000000236       0x2e /usr/share/gcc-arm-none-eabi-10.3-2021.10/bin/../lib/gcc/arm-none-eabi/10.3.1/../../../../arm-none-eabi/lib/thumb/v7e-m/nofp/libg.a(lib_a-mallocr.o)
 .ARM.attributes
                0x0000000000000264       0x2e /usr/share/gcc-arm-none-eabi-10.3-2021.10/bin/../lib/gcc/arm-none-eabi/10.3.1/../../../../arm-none-eabi/lib/thumb/v7e-m/nofp/libg.a(lib_a-mlock.o)
 .ARM.attributes
                0x0000000000000292       0x2e /usr/share/gcc-arm-none-eabi-10.3-2021.10/bin/../lib/gcc/arm-none-eabi/10.3.1/../../../../arm-none-eabi/lib/thumb/v7e-m/nofp/libg.a(lib_a-sbrkr.o)
 .ARM.attributes
                0x00000000000002c0       0x2e /usr/share/gcc-arm-none-eabi-10.3-2021.10/bin/../lib/gcc/arm-none-eabi/10.3.1/../../../../arm-none-eabi/lib/thumb/v7e-m/nofp/libg.a(lib_a-strcat.o)
 .ARM.attributes
                0x00000000000002ee       0x2e /usr/share/gcc-arm-none-eabi-10.3-2021.10/bin/../lib/gcc/arm-none-eabi/10.3.1/../../../../arm-none-eabi/lib/thumb/v7e-m/nofp/libg.a(lib_a-strcpy.o)
 .ARM.attributes
                0x000000000000031c       0x1c /usr/share/gcc-arm-none-eabi-10.3-2021.10/bin/../lib/gcc/arm-none-eabi/10.3.1/../../../../arm-none-eabi/lib/thumb/v7e-m/nofp/libg.a(lib_a-strlen.o)
 .ARM.attributes
                0x0000000000000338       0x2e /usr/share/gcc-arm-none-eabi-10.3-2021.10/bin/../lib/gcc/arm-none-eabi/10.3.1/../../../../arm-none-eabi/lib/thumb/v7e-m/nofp/libg.a(lib_a-freer.o)
 .ARM.attributes
                0x0000000000000366       0x2e /usr/share/gcc-arm-none-eabi-10.3-2021.10/bin/../lib/gcc/arm-none-eabi/10.3.1/../../../../arm-none-eabi/lib/thumb/v7e-m/nofp/libg.a(lib_a-lock.o)
 .ARM.attributes
                0x0000000000000394       0x2e /usr/share/gcc-arm-none-eabi-10.3-2021.10/bin/../lib/gcc/arm-none-eabi/10.3.1/../../../../arm-none-eabi/lib/thumb/v7e-m/nofp/libg.a(lib_a-reent.o)
OUTPUT(build/main.elf elf32-littlearm)
LOAD linker stubs

.debug_macro    0x0000000000000000    0x19b36
 .debug_macro   0x0000000000000000      0x2b9 build/PartA.o
 .debug_macro   0x00000000000002b9      0xa6c build/PartA.o
 .debug_macro   0x0000000000000d25       0x22 build/PartA.o
 .debug_macro   0x0000000000000d47       0x5e build/PartA.o
 .debug_macro   0x0000000000000da5       0x1e build/PartA.o
 .debug_macro   0x0000000000000dc3       0x94 build/PartA.o
 .debug_macro   0x0000000000000e57       0x35 build/PartA.o
 .debug_macro   0x0000000000000e8c       0x34 build/PartA.o
 .debug_macro   0x0000000000000ec0       0x16 build/PartA.o
 .debug_macro   0x0000000000000ed6       0x57 build/PartA.o
 .debug_macro   0x0000000000000f2d       0x97 build/PartA.o
 .debug_macro   0x0000000000000fc4      0x35d build/PartA.o
 .debug_macro   0x0000000000001321       0xf6 build/PartA.o
 .debug_macro   0x0000000000001417       0x10 build/PartA.o
 .debug_macro   0x0000000000001427       0x16 build/PartA.o
 .debug_macro   0x000000000000143d       0x43 build/PartA.o
 .debug_macro   0x0000000000001480       0x34 build/PartA.o
 .debug_macro   0x00000000000014b4       0x10 build/PartA.o
 .debug_macro   0x00000000000014c4       0x58 build/PartA.o
 .debug_macro   0x000000000000151c      0x182 build/PartA.o
 .debug_macro   0x000000000000169e       0x10 build/PartA.o
 .debug_macro   0x00000000000016ae       0x6a build/PartA.o
 .debug_macro   0x0000000000001718       0x1c build/PartA.o
 .debug_macro   0x0000000000001734       0x52 build/PartA.o
 .debug_macro   0x0000000000001786       0x22 build/PartA.o
 .debug_macro   0x00000000000017a8       0x10 build/PartA.o
 .debug_macro   0x00000000000017b8       0x52 build/PartA.o
 .debug_macro   0x000000000000180a       0xd5 build/PartA.o
 .debug_macro   0x00000000000018df       0x1c build/PartA.o
 .debug_macro   0x00000000000018fb       0x3d build/PartA.o
 .debug_macro   0x0000000000001938       0x16 build/PartA.o
 .debug_macro   0x000000000000194e      0x16f build/PartA.o
 .debug_macro   0x0000000000001abd       0x16 build/PartA.o
 .debug_macro   0x0000000000001ad3       0x35 build/PartA.o
 .debug_macro   0x0000000000001b08       0x16 build/PartA.o
 .debug_macro   0x0000000000001b1e       0x29 build/PartA.o
 .debug_macro   0x0000000000001b47       0x16 build/PartA.o
 .debug_macro   0x0000000000001b5d      0x103 build/PartA.o
 .debug_macro   0x0000000000001c60      0x1df build/PartA.o
 .debug_macro   0x0000000000001e3f       0x22 build/PartA.o
 .debug_macro   0x0000000000001e61      0x167 build/PartA.o
 .debug_macro   0x0000000000001fc8       0x2d build/PartA.o
 .debug_macro   0x0000000000001ff5       0x28 build/PartA.o
 .debug_macro   0x000000000000201d       0xaf build/PartA.o
 .debug_macro   0x00000000000020cc      0xfe7 build/PartA.o
 .debug_macro   0x00000000000030b3       0x16 build/PartA.o
 .debug_macro   0x00000000000030c9    0x1474b build/PartA.o
 .debug_macro   0x0000000000017814       0x12 build/PartA.o
 .debug_macro   0x0000000000017826       0x4c build/PartA.o
 .debug_macro   0x0000000000017872       0x22 build/PartA.o
 .debug_macro   0x0000000000017894      0x861 build/PartA.o
 .debug_macro   0x00000000000180f5       0xa5 build/PartA.o
 .debug_macro   0x000000000001819a      0x6ec build/PartA.o
 .debug_macro   0x0000000000018886      0x1b6 lib_build/xmc_gpio.o
 .debug_macro   0x0000000000018a3c      0x16d lib_build/xmc_gpio.o
 .debug_macro   0x0000000000018ba9       0x8e lib_build/xmc_gpio.o
 .debug_macro   0x0000000000018c37       0x51 lib_build/xmc_gpio.o
 .debug_macro   0x0000000000018c88       0x64 lib_build/xmc_gpio.o
 .debug_macro   0x0000000000018cec       0x10 lib_build/xmc_gpio.o
 .debug_macro   0x0000000000018cfc      0x1c2 lib_build/xmc4_gpio.o
 .debug_macro   0x0000000000018ebe      0x22e lib_build/xmc_ccu4.o
 .debug_macro   0x00000000000190ec       0xa5 lib_build/xmc_ccu4.o
 .debug_macro   0x0000000000019191      0x20d lib_build/xmc4_scu.o
 .debug_macro   0x000000000001939e       0x9f lib_build/xmc4_scu.o
 .debug_macro   0x000000000001943d      0x301 lib_build/system_XMC4500.o
 .debug_macro   0x000000000001973e       0x22 lib_build/system_XMC4500.o
 .debug_macro   0x0000000000019760      0x18b lib_build/syscalls.o
 .debug_macro   0x00000000000198eb       0x10 lib_build/syscalls.o
 .debug_macro   0x00000000000198fb      0x23b lib_build/syscalls.o
